         w __deregister_frame_info
         w __gnu_Unwind_Find_exidx
         w __register_frame_info
         w __syscall_tls_create
         w __syscall_tls_delete
         w __syscall_tls_get
         w __syscall_tls_set
         w userAppExit
         w userAppInit
00000000 b _TLS_MODULE_BASE_
00000000 00000802 B __ctru_dev_utf16_buf
00000000 A __sync_synchronize
00000000 a shift
00000804 00000401 B __ctru_dev_path_buf
00100000 A __start__
00100000 T _start
00100008 T __service_ptr
0010000c T __apt_appid
00100010 T __heap_size
00100014 T __linear_heap_size
00100018 T __system_arglist
0010001c T __system_runflags
00100020 t startup
00100058 t ClearMem
0010006c t ClrLoop
00100094 T _init
001000ac T __aeabi_drsub
001000b4 000002b0 T __aeabi_dsub
001000b4 000002b0 T __subdf3
001000b8 000002ac T __adddf3
001000b8 000002ac T __aeabi_dadd
00100364 00000024 T __aeabi_ui2d
00100364 00000024 T __floatunsidf
00100388 00000028 T __aeabi_i2d
00100388 00000028 T __floatsidf
001003b0 00000048 T __aeabi_f2d
001003b0 00000048 T __extendsfdf2
001003f8 00000074 T __aeabi_ul2d
001003f8 00000074 T __floatundidf
0010040c 00000060 T __aeabi_l2d
0010040c 00000060 T __floatdidf
0010046c 00000014 T __restore_core_regs
0010046c 00000014 T restore_core_regs
00100480 T __gnu_Unwind_Restore_VFP
00100488 T __gnu_Unwind_Save_VFP
00100490 T __gnu_Unwind_Restore_VFP_D
00100498 T __gnu_Unwind_Save_VFP_D
001004a0 T __gnu_Unwind_Restore_VFP_D_16_to_31
001004a8 T __gnu_Unwind_Save_VFP_D_16_to_31
001004b0 T __gnu_Unwind_Restore_WMMXD
001004f4 T __gnu_Unwind_Save_WMMXD
00100538 T __gnu_Unwind_Restore_WMMXC
0010054c T __gnu_Unwind_Save_WMMXC
00100560 00000024 T _Unwind_RaiseException
00100560 00000024 T ___Unwind_RaiseException
00100584 00000024 T _Unwind_Resume
00100584 00000024 T ___Unwind_Resume
001005a8 00000024 T _Unwind_Resume_or_Rethrow
001005a8 00000024 T ___Unwind_Resume_or_Rethrow
001005cc 00000024 T _Unwind_ForcedUnwind
001005cc 00000024 T ___Unwind_ForcedUnwind
001005f0 00000024 T _Unwind_Backtrace
001005f0 00000024 T ___Unwind_Backtrace
00100614 00000004 W __aeabi_idiv0
00100614 00000004 W __aeabi_ldiv0
00100628 00000390 T strcmp
001009b0 t .udivsi3_skip_div0_test
001009b0 T __aeabi_uidiv
001009b0 000001ec T __udivsi3
00100b9c 00000020 T __aeabi_uidivmod
00100bbc t __do_global_dtors_aux
00100c0c t frame_dummy
00100c38 000000b8 T main
00100cf0 00000004 W Core::AppLayer::OnEvent()
00100cf4 00000004 W Core::AppLayer::OnUpdate()
00100cf8 00000004 W Core::AppLayer::OnRender()
00100cfc 000000c8 T Core::Core::Run()
00100dc4 00000074 T Core::Core::Exec()
00100e38 000000c8 W void std::vector<std::unique_ptr<Core::AppLayer, std::default_delete<Core::AppLayer> >, std::allocator<std::unique_ptr<Core::AppLayer, std::default_delete<Core::AppLayer> > > >::_M_realloc_append<std::unique_ptr<Core::AppLayer, std::default_delete<Core::AppLayer> > >(std::unique_ptr<Core::AppLayer, std::default_delete<Core::AppLayer> >&&)
00100f00 0000003c T Core::Core::push(std::unique_ptr<Core::AppLayer, std::default_delete<Core::AppLayer> >)
00100f3c 00000004 T GameMenu::Menu::OnExit()
00100f3c 00000004 T GameMenu::Menu::OnEvent()
00100f3c 00000004 T GameMenu::Menu::OnUpdate()
00100f40 00000004 W GameMenu::Menu::~Menu()
00100f40 00000004 W GameMenu::Menu::~Menu()
00100f44 00000084 W renderlayer::RenderLayer::Initialize()
00100fc8 00000194 W renderlayer::RenderLayer::InitializeScene()
0010115c 00000024 T GameMenu::Menu::OnRender()
00101180 00000020 W GameMenu::Menu::~Menu()
001011a0 0000008c T GameMenu::Menu::OnStart()
0010122c 00000038 t _GLOBAL__sub_I__ZN8GameMenu9RenderlayE
00101264 00000050 t _GLOBAL__sub_D__ZN8GameMenu9RenderlayE
001012b4 00000044 T renderlayer::RenderLayer::Render()
001012f8 0000015c T renderlayer::RenderLayer::SceneRender(float)
00101454 0000002c t _GLOBAL__sub_I__ZN11renderlayer6sliderE
00101480 00000028 T AttrInfo_Init
001014a8 00000094 T AttrInfo_AddLoader
0010153c 00000020 T C3D_GetAttrInfo
0010155c 00000080 T C3Di_AttrInfoBind
001015dc 00000004 W C3Di_ProcTexUpdate
001015e0 00000004 W C3Di_ProcTexDirty
001015e4 000000b4 t C3Di_AptEventHook
00101698 00000004 W C3Di_GasUpdate
0010169c 000001d0 T C3D_Init
0010186c 00000098 T C3D_SetViewport
00101904 000004e8 T C3Di_UpdateContext
00101dec 000000e0 T C3Di_SplitFrame
00101ecc 00000194 T C3D_BindProgram
00102060 00000024 T BufInfo_Init
00102084 00000080 T BufInfo_Add
00102104 00000020 T C3D_GetBufInfo
00102124 00000048 T C3Di_BufInfoBind
0010216c 00000148 T C3D_DrawArrays
001022b4 00000040 T C3D_DepthMap
001022f4 0000001c T C3D_CullFace
00102310 00000040 T C3D_StencilTest
00102350 00000024 T C3D_StencilOp
00102374 0000001c T C3D_BlendingColor
00102390 00000024 T C3D_EarlyDepthTest
001023b4 0000002c T C3D_DepthTest
001023e0 0000002c T C3D_AlphaTest
0010240c 00000050 T C3D_AlphaBlend
0010245c 00000030 T C3D_FragOpMode
0010248c 00000044 T C3D_FragOpShadow
001024d0 000001ac T C3Di_EffectBind
0010267c 0000001c T C3D_CalcColorBufSize
00102698 0000001c T C3D_CalcDepthBufSize
001026b4 00000044 T C3D_SetFrameBuf
001026f8 0000016c T C3Di_FrameBufBind
00102864 000000c8 T C3D_FrameBufClear
0010292c 00000044 T C3D_FrameBufTransfer
00102970 000000a8 T C3D_ImmSendAttrib
00102a18 000003a4 T C3Di_LightEnvUpdate
00102dbc 0000009c T C3Di_LightEnvDirty
00102e58 0000005c T C3D_LightEnvInit
00102eb4 0000002c T C3D_LightEnvBind
00102ee0 00000084 T C3D_LightEnvMaterial
00102f64 000000bc T C3D_LightEnvLut
00103020 000000a8 T LightLut_FromArray
001030c8 000000cc T LightLut_FromFunc
00103194 0000004c t onVBlank0
001031e0 0000004c t onVBlank1
0010322c 000000f4 t onQueueFinish
00103320 00000038 T C3Di_RenderQueueEnableVBlank
00103358 00000030 T C3Di_RenderQueueDisableVBlank
00103388 00000060 T C3Di_RenderQueueInit
001033e8 00000034 T C3Di_RenderQueueWaitDone
0010341c 000000e8 T C3D_FrameBegin
00103504 00000048 T C3D_FrameDrawOn
0010354c 000001d0 T C3D_FrameEnd
0010371c 00000170 T C3D_RenderTargetCreate
0010388c 00000034 T C3D_GetTexEnv
001038c0 00000024 T C3Di_TexEnvBind
001038e4 0000014c T C3Di_SetTex
00103a30 00000290 T C3D_UpdateUniforms
00103cc0 000000c0 T C3Di_DirtyUniforms
00103d80 000000d8 T C3Di_LoadShaderUniforms
00103e58 00000028 T C3Di_ClearShaderUniforms
00103e80 000000b8 T Mtx_PerspStereoTilt
00103f38 000000a4 T Mtx_RotateX
00103fdc 000000a0 T Mtx_RotateY
0010407c 000000a4 T Mtx_Translate
00104120 000000dc T C3Di_LightMtlBlend
001041fc 00000024 t addrMapNodeComparator(rbtree_node const*, rbtree_node const*)
00104220 00000004 t addrMapNodeDestructor(rbtree_node*)
00104224 0000012c T linearMemAlign
00104350 00000008 T linearAlloc
00104358 0000005c T linearFree
001043b4 00000088 T MemPool::CoalesceRight(MemBlock*)
0010443c 00000178 T MemPool::Allocate(MemChunk&, unsigned long, int)
001045b4 00000118 T MemPool::Deallocate(MemChunk const&)
001046cc 00000030 T MemPool::GetFreeSpace()
001046fc 00000024 t addrMapNodeComparator(rbtree_node const*, rbtree_node const*)
00104720 00000004 t addrMapNodeDestructor(rbtree_node*)
00104724 00000248 T vramMemAlignAt
0010496c 0000000c T vramAlloc
00104978 0000000c T vramAllocAt
00104984 00000094 T vramFree
00104a18 000000cc t gfxPresentFramebuffer
00104ae4 00000010 T gfxSet3D
00104af4 000000f8 T gfxSetScreenFormat
00104bec 000000d8 T gfxInit
00104cc4 00000010 T gfxInitDefault
00104cd4 000000a0 T gfxGetFramebuffer
00104d74 00000028 T gfxScreenSwapBuffers
00104d9c 00000050 T gfxSwapBuffers
00104dec 00000074 T osConvertVirtToPhys
00104e60 00000034 T __ctru_speedup_config
00104e94 0000013c T GPUCMD_Add
00104fd0 000000b0 T GPUCMD_Split
00105080 00000034 T f32tof16
001050b4 00000034 T f32tof24
001050e8 00000038 T f32tof31
00105120 00000010 T GX_BindQueue
00105130 0000007c T GX_ProcessCommandList
001051ac 00000074 T GX_MemoryFill
00105220 00000074 T GX_DisplayTransfer
00105294 00000064 t gxCmdQueueDoCommands.part.0
001052f8 000000e4 T gxCmdQueueInterrupt
001053dc 00000068 T gxCmdQueueClear
00105444 00000108 T gxCmdQueueAdd
0010554c 00000080 T gxCmdQueueRun
001055cc 00000064 T gxCmdQueueStop
00105630 000000ac T gxCmdQueueWait
001056dc 000001e0 T shaderInstanceInit
001058bc 00000018 T shaderInstanceGetUniformLocation
001058d4 0000001c T shaderProgramInit
001058f0 00000094 T shaderProgramSetVsh
00105984 000008d0 T shaderProgramConfigure
00106254 000001dc t DVLE_GenerateOutmap.part.0
00106430 000001ac T DVLB_ParseFile
001065dc 00000074 T DVLE_GetUniformRegister
00106650 00000180 t aptConvertScreenForCapture
001067d0 00000008 W aptDspSleep
001067d8 00000004 W aptDspWakeup
001067dc 00000004 W aptDspCancel
001067e0 00000138 T aptSendCommand
00106918 00000044 t aptExitProcess
0010695c 00000394 T aptExit
00106cf0 000000d8 T aptHandleSleep
00106dc8 00000034 T aptHook
00106dfc 00000084 T APT_SleepIfShellClosed
00106e80 00000078 T aptSetSleepAllowed
00106ef8 00000084 T APT_UnlockTransition
00106f80 00000470 t aptEventHandler
001073f0 000000bc T APT_ReceiveParameter
001074ac 000000b0 t aptReceiveParameter.constprop.0
00107560 00000294 t aptScreenTransfer
001077f4 000002d0 t aptWaitForWakeUp.isra.0
00107ac4 000000f4 T aptJumpToHomeMenu
00107bb8 00000058 T aptMainLoop
00107c10 00000240 T aptInit
00107e50 00000090 T APT_CheckNew3DS
00107ee0 00000c70 t gspHardwareInit
00108b50 00000288 T gspInit
00108dd8 000000a4 T gspPresentBuffer
00108e7c 00000030 T gspSetEventCallback
00108eac 00000050 T gspWaitForEvent
00108efc 0000004c T gspWaitForAnyEvent
00108f48 00000154 t gspEventThreadMain
0010909c 0000012c T gspSubmitGxCommand
001091c8 00000050 T GSPGPU_FlushDataCache
00109218 00000034 T GSPGPU_SetLcdForceBlack
0010924c 00000084 T GSPGPU_AcquireRight
001092d0 00000064 T GSPGPU_ReleaseRight
00109334 0000007c T GSPGPU_ImportDisplayCaptureInfo
001093b0 0000002c T GSPGPU_SaveVramSysArea
001093dc 0000002c T GSPGPU_RestoreVramSysArea
00109408 00000024 W hidShouldUseIrrst
0010942c 000001cc T hidInit
001095f8 000000e8 T hidExit
001096e0 000002a0 T hidScanInput
00109980 00000010 T hidKeysDown
00109990 000001a4 T irrstInit
00109b34 000000dc T irrstExit
00109c10 000000b4 T irrstScanInput
00109cc4 00000024 T irrstKeysHeld
00109ce8 00000078 T ptmSysmInit
00109d60 0000003c T ptmSysmExit
00109d9c 00000034 T PTMSYSM_ConfigureNew3DSCPU
00109dd0 00000074 T rbtree_find
00109e44 00000010 T rbtree_init
00109e54 00000198 t do_insert
00109fec 00000008 T rbtree_insert
00109ff4 00000310 T rbtree_remove
0010a304 00000090 T rbtree_rotate
0010a398 000001e8 W __system_allocateHeaps
0010a580 00000038 W __libctru_init
0010a5b8 0000016c W __system_initArgv
0010a724 00000030 T __syscall_getreent
0010a754 00000004 T __syscall_lock_acquire
0010a758 00000004 T __syscall_lock_release
0010a75c 00000004 T __syscall_lock_acquire_recursive
0010a760 00000004 T __syscall_lock_release_recursive
0010a764 00000004 T __syscall_exit
0010a768 00000054 T initThreadVars
0010a7bc 00000080 T __system_initSyscalls
0010a83c T svcControlMemory
0010a85c T svcQueryMemory
0010a88c T svcExitProcess
0010a894 T svcCreateThread
0010a8b4 T svcExitThread
0010a8bc T svcSleepThread
0010a8c4 T svcReleaseMutex
0010a8cc T svcCreateEvent
0010a8e0 T svcSignalEvent
0010a8e8 T svcClearEvent
0010a8f0 T svcMapMemoryBlock
0010a8f8 T svcUnmapMemoryBlock
0010a900 T svcCreateAddressArbiter
0010a914 T svcArbitrateAddressNoTimeout
0010a91c T svcCloseHandle
0010a924 T svcWaitSynchronization
0010a92c T svcWaitSynchronizationN
0010a954 T svcDuplicateHandle
0010a968 T svcGetSystemTick
0010a970 T svcConnectToPort
0010a984 T svcSendSyncRequest
0010a98c T svcGetResourceLimit
0010a9a0 T svcGetResourceLimitLimitValues
0010a9a8 T svcGetResourceLimitCurrentValues
0010a9b0 T svcBreak
0010a9b8 W initSystem
0010aa08 W __ctru_exit
0010aa1c 0000008c W envGetHandle
0010aaa8 00000050 W envDestroyHandles
0010aaf8 00000164 T srvInit
0010ac5c 00000064 T srvExit
0010acc0 00000060 T srvEnableNotification
0010ad20 000000a0 T srvGetServiceHandleDirect
0010adc0 00000048 T srvGetServiceHandle
0010ae08 00000034 T srvSubscribe
0010ae3c 00000060 T srvReceiveNotification
0010ae9c 00000038 T srvPublishToSubscriber
0010aed4 0000000c T __sync_init
0010aee0 00000018 T __sync_fini
0010aef8 00000028 T syncArbitrateAddress
0010af20 000000ac T LightLock_Lock
0010afcc 00000040 T LightLock_Unlock
0010b00c 00000054 T RecursiveLock_Lock
0010b060 00000054 T RecursiveLock_Unlock
0010b0b4 00000044 T LightEvent_Init
0010b0f8 000000b8 T LightEvent_Clear
0010b1b0 000000dc T LightEvent_Signal
0010b28c 00000050 T LightEvent_TryWait
0010b2dc 000000ac T LightEvent_Wait
0010b388 000001fc T threadCreate
0010b584 00000038 T threadFree
0010b5bc 00000024 T threadJoin
0010b5e0 00000030 T threadGetCurrent
0010b610 00000040 T threadExit
0010b650 00000020 t _thread_begin
0010b670 00000090 t mappableFindAddressWithin
0010b700 00000028 T mappableInit
0010b728 0000007c T mappableAlloc
0010b7a4 00000004 T mappableFree
0010b7a8 0000000c T srvPmGetSessionHandle
0010b7b4 00000060 T rbtree_node_next
0010b814 00000030 W __appExit
0010b844 00000030 W __appInit
0010b874 00000090 W __libctru_exit
0010b904 00000024 t error_cmp
0010b928 00000050 t archive_translate_error
0010b978 000000c0 t archive_seek
0010ba38 00000078 t _archiveInit.part.0
0010bab0 00000110 t archiveFindDevice.part.0
0010bbc0 00000298 t archive_utf16path
0010be58 00000098 t _archiveUnmountDeviceStruct.part.0
0010bef0 00000178 t _archiveMountDevice
0010c068 000000f8 t archive_diropen
0010c160 000000ac t archive_fstat
0010c20c 00000074 t archive_fsync
0010c280 00000074 t archive_close
0010c2f4 00000078 t archive_dirclose
0010c36c 000000ec t sdmc_statvfs
0010c458 000000f8 t archive_chdir
0010c550 0000008c t archive_ftruncate
0010c5dc 000000bc t archive_read
0010c698 000000a8 t archive_unlink
0010c740 000000c0 t archive_rmdir
0010c800 000000d8 t archive_mkdir
0010c8d8 000001a0 t archive_stat
0010ca78 00000164 t archive_dirnext
0010cbdc 0000013c t archive_write
0010cd18 00000254 t archive_open
0010cf6c 00000270 t archive_rename
0010d1dc 000001c8 T archiveMountSdmc
0010d3a4 00000054 T archiveUnmountAll
0010d3f8 00000104 T fsInit
0010d4fc 0000003c T fsExit
0010d538 00000068 T fsExemptFromSession
0010d5a0 00000050 T fsUnexemptFromSession
0010d5f0 000000cc T FSUSER_OpenFile
0010d6bc 000000b8 T FSUSER_DeleteFile
0010d774 000000f4 T FSUSER_RenameFile
0010d868 000000b8 T FSUSER_DeleteDirectory
0010d920 000000d0 T FSUSER_CreateFile
0010d9f0 000000c0 T FSUSER_CreateDirectory
0010dab0 000000f4 T FSUSER_RenameDirectory
0010dba4 000000b4 T FSUSER_OpenDirectory
0010dc58 00000090 T FSUSER_OpenArchive
0010dce8 0000008c T FSUSER_CloseArchive
0010dd74 00000074 T FSUSER_GetSdmcArchiveResource
0010dde8 00000064 T FSUSER_IsSdmcWritable
0010de4c 00000064 T FSFILE_Read
0010deb0 0000006c T FSFILE_Write
0010df1c 00000044 T FSFILE_GetSize
0010df60 00000028 T FSFILE_SetSize
0010df88 0000003c T FSFILE_Close
0010dfc4 00000024 T FSFILE_Flush
0010dfe8 00000060 T FSDIR_Read
0010e048 0000003c T FSDIR_Close
0010e084 00000140 T decode_utf8
0010e1c4 000000e8 T utf16_to_utf8
0010e2ac 000000c0 T utf8_to_utf16
0010e36c T __aeabi_read_tp
0010e378 00000054 T decode_utf16
0010e3cc 00000054 T encode_utf16
0010e420 000000e0 T encode_utf8
0010e500 00000004 T operator delete(void*, unsigned int)
0010e504 0000005c T operator new(unsigned int)
0010e560 00000040 T std::__throw_logic_error(char const*)
0010e5a0 00000040 T std::__throw_length_error(char const*)
0010e5e0 00000040 T std::__throw_out_of_range(char const*)
0010e620 00000010 T std::__throw_out_of_range_fmt(char const*, ...)
0010e630 0000000c T std::bad_alloc::what() const
0010e63c 00000020 T std::bad_alloc::~bad_alloc()
0010e63c 00000020 T std::bad_alloc::~bad_alloc()
0010e65c 0000002c T std::bad_alloc::~bad_alloc()
0010e688 00000004 T operator delete(void*)
0010e68c 0000000c W __gnu_cxx::__concurrence_lock_error::what() const
0010e698 0000000c W __gnu_cxx::__concurrence_unlock_error::what() const
0010e6a4 00000020 W __gnu_cxx::__concurrence_lock_error::~__concurrence_lock_error()
0010e6a4 00000020 W __gnu_cxx::__concurrence_lock_error::~__concurrence_lock_error()
0010e6c4 0000002c W __gnu_cxx::__concurrence_lock_error::~__concurrence_lock_error()
0010e6f0 00000020 W __gnu_cxx::__concurrence_unlock_error::~__concurrence_unlock_error()
0010e6f0 00000020 W __gnu_cxx::__concurrence_unlock_error::~__concurrence_unlock_error()
0010e710 0000002c W __gnu_cxx::__concurrence_unlock_error::~__concurrence_unlock_error()
0010e73c 0000002c W __gnu_cxx::__throw_concurrence_lock_error()
0010e768 0000002c W __gnu_cxx::__throw_concurrence_unlock_error()
0010e794 00000100 t (anonymous namespace)::pool::free(void*) [clone .constprop.0]
0010e894 000000c0 t (anonymous namespace)::pool::allocate(unsigned int) [clone .constprop.0]
0010e954 00000044 T __cxa_allocate_exception
0010e998 00000028 T __cxa_free_exception
0010e9c0 000001a4 t _GLOBAL__sub_I__ZN9__gnu_cxx9__freeresEv
0010eb64 00000018 t _GLOBAL__sub_D__ZN9__gnu_cxx9__freeresEv
0010eb7c T __cxa_end_cleanup
0010eb8c 00000138 T __cxa_type_match
0010ecc4 000000b4 T __cxa_begin_cleanup
0010ed78 000000b4 T __gnu_end_cleanup
0010ee2c 00000004 T std::exception::~exception()
0010ee2c 00000004 T std::exception::~exception()
0010ee30 00000004 T std::bad_exception::~bad_exception()
0010ee30 00000004 T std::bad_exception::~bad_exception()
0010ee34 0000000c T transaction clone for std::bad_exception::what() const
0010ee34 0000000c T std::bad_exception::what() const
0010ee40 00000020 T std::bad_exception::~bad_exception()
0010ee60 00000038 t eh_globals_dtor(void*)
0010ee98 00000038 T __cxa_get_globals_fast
0010eed0 00000090 T __cxa_get_globals
0010ef60 00000030 t _GLOBAL__sub_I__ZN17__eh_globals_init7_S_initE
0010ef90 00000034 t _GLOBAL__sub_D__ZN17__eh_globals_init7_S_initE
0010efc4 00000150 t read_encoded_value_with_base(unsigned char, unsigned int, unsigned char const*, unsigned int*)
0010f114 0000005c t base_of_encoded_value(unsigned char, _Unwind_Context*)
0010f170 000000f0 t parse_lsda_header(_Unwind_Context*, unsigned char const*, lsda_header_info*)
0010f260 000006c8 T __gxx_personality_v0
0010f928 00000014 T __cxxabiv1::__terminate(void (*)())
0010f93c 00000018 T std::terminate()
0010f954 0000000c T __cxxabiv1::__unexpected(void (*)())
0010f960 00000018 T std::unexpected()
0010f978 00000014 T std::get_terminate()
0010f98c 00000014 T std::get_unexpected()
0010f9a0 00000070 t __gxx_exception_cleanup(_Unwind_Reason_Code, _Unwind_Control_Block*)
0010fa10 00000054 T __cxa_init_primary_exception
0010fa64 00000054 T __cxa_throw
0010fab8 000000b0 T __cxa_rethrow
0010fb68 00000014 T std::get_new_handler()
0010fb7c 00000020 T __cxxabiv1::__si_class_type_info::~__si_class_type_info()
0010fb7c 00000020 T __cxxabiv1::__si_class_type_info::~__si_class_type_info()
0010fb9c 0000002c T __cxxabiv1::__si_class_type_info::~__si_class_type_info()
0010fbc8 0000006c T __cxxabiv1::__si_class_type_info::__do_find_public_src(int, void const*, __cxxabiv1::__class_type_info const*, void const*) const
0010fc34 000000e4 T __cxxabiv1::__si_class_type_info::__do_dyncast(int, __cxxabiv1::__class_type_info::__sub_kind, __cxxabiv1::__class_type_info const*, void const*, __cxxabiv1::__class_type_info const*, void const*, __cxxabiv1::__class_type_info::__dyncast_result&) const
0010fd18 00000044 T __cxxabiv1::__si_class_type_info::__do_upcast(__cxxabiv1::__class_type_info const*, void const*, __cxxabiv1::__class_type_info::__upcast_result&) const
0010fd5c 00000004 T std::type_info::~type_info()
0010fd5c 00000004 T std::type_info::~type_info()
0010fd60 00000008 T std::type_info::__is_pointer_p() const
0010fd60 00000008 T std::type_info::__is_function_p() const
0010fd68 0000004c T std::type_info::__equal(std::type_info const&) const
0010fd68 0000004c T std::type_info::operator==(std::type_info const&) const
0010fdb4 00000008 T std::logic_error::what() const
0010fdb4 00000008 T std::runtime_error::what() const
0010fdbc 00000078 T std::logic_error::~logic_error()
0010fdbc 00000078 T std::logic_error::~logic_error()
0010fe34 00000078 T std::length_error::~length_error()
0010fe34 00000078 T std::length_error::~length_error()
0010feac 00000078 T std::out_of_range::~out_of_range()
0010feac 00000078 T std::out_of_range::~out_of_range()
0010ff24 00000080 T std::logic_error::~logic_error()
0010ffa4 00000080 T std::length_error::~length_error()
00110024 00000080 T std::out_of_range::~out_of_range()
001100a4 000000d8 T std::logic_error::logic_error(char const*)
001100a4 000000d8 T std::logic_error::logic_error(char const*)
0011017c 00000020 T std::length_error::length_error(char const*)
0011017c 00000020 T std::length_error::length_error(char const*)
0011019c 00000020 T std::out_of_range::out_of_range(char const*)
0011019c 00000020 T std::out_of_range::out_of_range(char const*)
001101bc 00000088 W std::string::_Rep::_S_create(unsigned int, unsigned int, std::allocator<char> const&)
00110244 00000004 W std::string::_Rep::_M_destroy(std::allocator<char> const&)
00110248 0000005c T __cxxabiv1::__class_type_info::__do_upcast(__cxxabiv1::__class_type_info const*, void**) const
001102a4 00000014 T __cxxabiv1::__class_type_info::__do_find_public_src(int, void const*, __cxxabiv1::__class_type_info const*, void const*) const
001102b8 00000020 T __cxxabiv1::__class_type_info::~__class_type_info()
001102b8 00000020 T __cxxabiv1::__class_type_info::~__class_type_info()
001102d8 0000002c T __cxxabiv1::__class_type_info::~__class_type_info()
00110304 00000084 T __cxxabiv1::__class_type_info::__do_dyncast(int, __cxxabiv1::__class_type_info::__sub_kind, __cxxabiv1::__class_type_info const*, void const*, __cxxabiv1::__class_type_info const*, void const*, __cxxabiv1::__class_type_info::__dyncast_result&) const
00110388 00000038 T __cxxabiv1::__class_type_info::__do_upcast(__cxxabiv1::__class_type_info const*, void const*, __cxxabiv1::__class_type_info::__upcast_result&) const
001103c0 00000044 T __cxxabiv1::__class_type_info::__do_catch(std::type_info const*, void**, unsigned int) const
00110404 00000070 t __cxxabiv1::__is_gxx_exception_class(char*)
00110474 0000002c T __cxa_call_terminate
001104a0 00000148 T __cxa_call_unexpected
001105e8 000000e0 T __cxa_begin_catch
001106c8 000000e0 T __cxa_end_catch
001107a8 00000264 T sinf
00110a10 000003f4 T powf
00110e04 00000070 T tanf
00110e74 00000024 t with_errnof
00110e98 00000018 t xflowf
00110eb0 0000000c T __math_uflowf
00110ebc 0000000c T __math_may_uflowf
00110ec8 0000000c T __math_oflowf
00110ed4 0000002c T __math_divzerof
00110f00 0000001c T __math_invalidf
00110f20 0000025c T cosf
0011117c 000002e0 T __ieee754_rem_pio2f
0011145c 0000020c T __kernel_tanf
00111668 00000010 T fabsf
00111678 000008c0 T __kernel_rem_pio2f
00111f38 0000012c T scalbnf
00112064 000000c0 T floorf
00112124 00000018 t selfrel_offset31
0011213c 00000090 t search_EIT_table
001121cc 00000040 t __gnu_unwind_get_pr_addr
0011220c 00000110 t get_eit_entry
0011231c 00000088 t restore_non_core_regs
001123a4 00000014 t _Unwind_decode_typeinfo_ptr.constprop.0
001123b8 00000004 t _Unwind_DebugHook
001123bc 00000064 t unwind_phase2
00112420 0000013c t unwind_phase2_forced
0011255c 000000a4 T __gnu_Unwind_RaiseException
00112600 00000020 T __gnu_Unwind_ForcedUnwind
00112620 00000074 T __gnu_Unwind_Resume
00112694 00000020 T __gnu_Unwind_Resume_or_Rethrow
001126b4 00000004 T _Unwind_Complete
001126b8 00000018 T _Unwind_DeleteException
001126d0 00000064 T _Unwind_VRS_Get
00112734 0000002c t _Unwind_GetGR
00112760 00000064 T _Unwind_VRS_Set
001127c4 0000002c t _Unwind_SetGR
001127f0 000000c0 T __gnu_Unwind_Backtrace
001128b0 0000040c t __gnu_unwind_pr_common
00112cbc 00000008 T __aeabi_unwind_cpp_pr0
00112cc4 00000008 W __aeabi_unwind_cpp_pr1
00112ccc 00000008 W __aeabi_unwind_cpp_pr2
00112cd4 00000458 T _Unwind_VRS_Pop
0011312c 00000064 t next_unwind_byte
00113190 0000002c t _Unwind_GetGR.constprop.0
001131bc 00000004 t unwind_UCB_from_context
001131c0 00000464 T __gnu_unwind_execute
00113624 00000048 T __gnu_unwind_frame
0011366c 00000010 T _Unwind_GetRegionStart
0011367c 0000001c T _Unwind_GetLanguageSpecificData
00113698 00000008 T _Unwind_GetDataRelBase
001136a0 00000008 T _Unwind_GetTextRelBase
001136a8 000000e4 T strncat
0011378c 00000024 T getenv
001137b0 00000128 T memcpy
001138d8 0000008c T strlen
00113964 00000078 T bsearch
001139dc 00000028 T memalign
00113a04 000001ec t _strtoul_l.isra.0
00113bf0 0000003c T strtoul
00113c2c 00000140 T strchr
00113d6c 000000d8 T memcmp
00113e44 00000028 T calloc
00113e6c 0000016c T _memalign_r
00113fd8 0000000c T __errno
00113fe4 00000014 T abort
00113ff8 000000e4 T memset
001140dc 000000d8 T _calloc_r
001141b4 0000082c T _malloc_r
001149e0 00000114 T _malloc_trim_r
00114af4 00000314 T _free_r
00114e08 00000084 T __libc_init_array
00114e8c 000000d4 T strncpy
00114f60 00000040 T malloc
00114fa0 00000020 T free
00114fc0 000000dc T _findenv_r
0011509c 0000000c T __malloc_lock
001150a8 0000000c T __malloc_unlock
001150b4 00000004 W __call_exitprocs
001150b8 00000030 T exit
001150e8 0000003c T __libc_fini_array
00115124 0000003c T strnlen
00115160 000000d8 T strncmp
00115238 0000000c T __env_lock
00115244 0000000c T __env_unlock
00115250 0000009c T _raise_r
001152ec 00000020 T raise
0011530c 00000020 T _exit
0011532c 00000140 T chdir
0011546c 000001c8 T _concatenate_path
00115634 00000014 T _getpid_r
00115648 0000002c T __getreent
00115674 00000008 t null_write
0011567c 00000018 T setDefaultDevice
00115694 00000098 T FindDevice
0011572c 00000024 T RemoveDevice
00115750 00000088 T AddDevice
001157d8 00000020 T GetDeviceOpTab
001157f8 00000014 T _kill_r
0011580c 00000060 T pthread_mutex_lock
0011586c 00000060 T pthread_mutex_unlock
001158cc 00000034 T pthread_key_create
00115900 00000024 T pthread_setspecific
00115924 00000024 T pthread_getspecific
00115948 00000024 T pthread_key_delete
0011596c 00000078 W _sbrk_r
001159e4 0000001c T __libc_lock_acquire
00115a00 0000001c T __libc_lock_release
00115a1c 0000001c T __libc_lock_acquire_recursive
00115a38 0000001c T __libc_lock_release_recursive
00115a54 00000048 T strrchr
00115a9c T _fini
00116000 00000480 r vertexList
00116480 0000003c r material
001164bc 00000024 R vtable for GameMenu::Menu
001164ec R vshader_shbin
00116604 R vshader_shbin_end
00116800 00000010 V vtable for renderlayer::RenderLayer
00116810 00000004 r depthFmtSizes
00116814 00000005 r colorFmtSizes
0011681c 00000008 r ids.0
00116824 00000007 r layer_enabled.1
0011682c 00000006 r lutIds.2
00116858 00000008 r morton_y.2
00116860 00000008 r morton_x.3
00116868 00000008 r s_sleepWakeEvents.4
00116870 0000000c r serviceNameTable.5
0011687c 00000030 r error_table
001168ac 00000080 r archive_devoptab
0011692c 0000000d R typeinfo name for std::bad_alloc
0011693c 0000000c R typeinfo for std::bad_alloc
00116948 00000014 R vtable for std::bad_alloc
0011695c 00000027 V typeinfo name for __gnu_cxx::__concurrence_lock_error
00116984 0000000c V typeinfo for __gnu_cxx::__concurrence_lock_error
00116990 00000029 V typeinfo name for __gnu_cxx::__concurrence_unlock_error
001169bc 0000000c V typeinfo for __gnu_cxx::__concurrence_unlock_error
001169c8 00000014 V vtable for __gnu_cxx::__concurrence_lock_error
001169dc 00000014 V vtable for __gnu_cxx::__concurrence_unlock_error
001169f0 0000000d R typeinfo name for std::exception
00116a00 00000008 R typeinfo for std::exception
00116a08 00000012 R typeinfo name for std::bad_exception
00116a1c 0000000c R typeinfo for std::bad_exception
00116a28 00000020 R typeinfo name for __cxxabiv1::__forced_unwind
00116a48 00000008 R typeinfo for __cxxabiv1::__forced_unwind
00116a50 00000024 R typeinfo name for __cxxabiv1::__foreign_exception
00116a74 00000008 R typeinfo for __cxxabiv1::__foreign_exception
00116a7c 00000014 R vtable for std::bad_exception
00116aa4 00000025 R typeinfo name for __cxxabiv1::__si_class_type_info
00116acc 0000000c R typeinfo for __cxxabiv1::__si_class_type_info
00116ad8 0000002c R vtable for __cxxabiv1::__si_class_type_info
00116b04 0000000d R typeinfo name for std::type_info
00116b14 00000008 R typeinfo for std::type_info
00116b1c 00000010 R typeinfo name for std::logic_error
00116b2c 0000000c R typeinfo for std::logic_error
00116b38 00000011 R typeinfo name for std::length_error
00116b4c 0000000c R typeinfo for std::length_error
00116b58 00000011 R typeinfo name for std::out_of_range
00116b6c 0000000c R typeinfo for std::out_of_range
00116b78 00000014 R vtable for std::logic_error
00116b8c 00000014 R vtable for std::length_error
00116ba0 00000014 R vtable for std::out_of_range
00116bb4 00000022 R typeinfo name for __cxxabiv1::__class_type_info
00116bd8 0000000c R typeinfo for __cxxabiv1::__class_type_info
00116be4 0000002c R vtable for __cxxabiv1::__class_type_info
00116c10 00000060 R __inv_pio4
00116c70 000000e0 R __sincosf_table
00116d50 00000128 R __powf_log2_data
00116e78 00000148 R __exp2f_data
00116fc0 00000080 r npio2_hw
00117040 00000318 r two_over_pi
00117358 0000002c r PIo2
00117384 0000000c r init_jk
001173a8 00000101 R _ctype_
001174ac 00000080 R dotab_stdnull
0011752c R __tdata_align
00117530 r __EH_FRAME_BEGIN__
00117630 R __exidx_start
00117820 R __exidx_end
00118000 00000008 d framerateCounter
00118008 00000004 d framerate
0011800c 00000004 d queueLock
00118010 00000004 d aptChainloadDeliverArgSize
00118014 00000004 d kCount
00118018 00000004 d kInterval
0011801c 00000004 d kDelay
00118020 W __stacksize__
00118024 00000004 D __cxxabiv1::__unexpected_handler
00118028 00000004 D __cxxabiv1::__terminate_handler
0011802c 00000004 D _impure_ptr
00118030 00000200 D _impure_data
00118230 00000004 D __malloc_sbrk_base
00118234 00000004 D __malloc_trim_threshold
00118238 00000408 D __malloc_av_
00118640 00000004 D environ
00118644 00000400 d _current_working_directory
00118a44 0000008c D devoptab_list
00118ad0 00000004 d defaultDevice
00118adc d _GLOBAL_OFFSET_TABLE_
00118ae8 d __frame_dummy_init_array_entry
00118ae8 D __init_array_start
00118ae8 B __preinit_array_end
00118ae8 B __preinit_array_start
00118ae8 D __tdata_lma
00118ae8 D __tdata_lma_end
00118afc d __do_global_dtors_aux_fini_array_entry
00118afc D __fini_array_start
00118afc D __init_array_end
00118b0c 00000440 B GameMenu::Renderlay
00118b0c D __bss_start__
00118b0c D __fini_array_end
00118f4c 00000004 B renderlayer::iod
00118f50 00000004 B renderlayer::slider
00118f54 b completed.1
00118f58 b object.0
00118f70 0000000c b hookCookie
00118f80 000002d0 B __C3D_Context
00119250 00000004 b frameEndCbData
00119254 00000004 b frameEndCb
00119258 00000008 b frameCounter
00119260 00000001 b isTopStereo
00119261 00000001 b needSwapBot
00119262 00000001 b needSwapTop
00119263 00000001 b measureGpuTime
00119264 00000001 b inSafeTransfer
00119265 00000001 b inFrame
00119268 00000010 b cpuTime
00119278 00000010 b gpuTime
00119288 0000000c b linkedTarget
00119294 00000004 b lastTarget
00119298 00000004 b firstTarget
0011929c 00000008 b C3Di_IVUnifEverDirty
001192a4 000000c0 b C3Di_FVUnifEverDirty
00119364 00000018 b C3Di_ShaderFVecData
0011937c 00000002 B C3D_BoolUnifsDirty
00119380 00000008 B C3D_IVUnifDirty
00119388 000000c0 B C3D_FVUnifDirty
00119448 00000004 B C3D_BoolUnifs
0011944c 00000020 B C3D_IVUnif
0011946c 00000c00 B C3D_FVUnif
0011a070 00000008 b sLinearPool
0011a078 0000000c b sAddrMap
0011a088 00000008 b sVramPoolB
0011a090 00000008 b sVramPoolA
0011a098 0000000c b sAddrMap
0011a0a4 00000004 b screenAlloc
0011a0a8 00000004 b screenFree
0011a0ac 00000002 b gfxIsDoubleBuf
0011a0b0 00000002 b gfxCurBuf
0011a0b2 00000001 b gfxIsVram
0011a0b3 00000001 b gfxTopMode
0011a0b4 00000002 b gfxFramebufferFormats
0011a0b8 00000004 b gfxBottomFramebufferMaxSize
0011a0bc 00000004 b gfxTopFramebufferMaxSize
0011a0c0 00000008 b gfxBottomFramebuffers
0011a0c8 00000008 b gfxTopFramebuffers
0011a0d0 00000001 V __ctru_speedup
0011a0d4 00000004 B gpuCmdBufOffset
0011a0d8 00000004 B gpuCmdBufSize
0011a0dc 00000004 B gpuCmdBuf
0011a0e0 00000004 b boundQueue
0011a0e4 00000001 b shouldStop
0011a0e5 00000001 b isRunning
0011a0e6 00000001 b isActive
0011a0e8 00000004 b curQueue
0011a0ec 00000001 b flagValue.0
0011a0ed 00000001 b flagInit.1
0011a0f0 00000004 b serviceName.6
0011a0f4 00000001 b aptChainloadFlags
0011a0f5 00000001 b aptChainloadMediatype
0011a0f8 00000020 b aptChainloadHmac
0011a118 00000300 b aptChainloadDeliverArg
0011a418 00000008 b aptChainloadTid
0011a420 00001000 b aptParameters
0011b420 00000004 b aptFlags
0011b424 00000001 b aptHomeButtonState
0011b428 00000004 b aptMessageFuncData
0011b42c 00000004 b aptMessageFunc
0011b430 0000000c b aptFirstHook
0011b43c 00000001 b aptEventHandlerThreadQuit
0011b440 00000004 b aptEventHandlerThread
0011b444 00000008 b aptSleepEvent
0011b44c 00000008 b aptReceiveEvent
0011b454 00000008 b aptEvents
0011b45c 00000004 b aptLockHandle
0011b460 00000004 b aptRefCount
0011b464 00000007 b gspEventCbOneShot
0011b46c 0000001c b gspEventCbData
0011b488 0000001c b gspEventCb
0011b4a4 00000038 b gspEvents
0011b4dc 00000004 b gspLastEvent
0011b4e0 00000001 b gspRunEvents
0011b4e4 00000004 b gspEventThread
0011b4e8 00000004 b gspEvent
0011b4ec 00000001 b gspGpuRight
0011b4ed 00000001 b gspThreadId
0011b4f0 00000004 b gspSharedMem
0011b4f4 00000004 b gspSharedMemHandle
0011b4f8 00000004 b gspRefCount
0011b4fc 00000004 b gspGpuHandle
0011b500 00000001 b usingIrrst
0011b504 00000004 b hidRefCount
0011b508 00000006 b gRate
0011b510 00000006 b aVec
0011b518 00000004 b cPos
0011b51c 00000004 b tPos
0011b520 00000004 b kRepeat
0011b524 00000004 b kUp
0011b528 00000004 b kDown
0011b52c 00000004 b kHeld
0011b530 00000004 b kOld
0011b534 00000004 B hidSharedMem
0011b538 00000014 B hidEvents
0011b54c 00000004 B hidMemHandle
0011b550 00000004 B hidHandle
0011b554 00000004 b irrstRefCount
0011b558 00000004 b csPos
0011b55c 00000004 b kHeld
0011b560 00000004 B irrstSharedMem
0011b564 00000004 B irrstEvent
0011b568 00000004 B irrstMemHandle
0011b56c 00000004 B irrstHandle
0011b570 00000004 b ptmSysmRefCount
0011b574 00000004 b ptmSysmHandle
0011b578 00000004 V __ctru_linear_heap_size
0011b57c 00000004 V __ctru_heap_size
0011b580 00000004 B __ctru_linear_heap
0011b584 00000004 B __ctru_heap
0011b588 00000004 B __system_retAddr
0011b58c 00000004 B __system_argv
0011b590 00000004 B __system_argc
0011b594 b saved_stack
0011b59c 00000004 B __3dslink_host
0011b5a0 00000004 b srvRefCount
0011b5a4 00000004 b srvHandle
0011b5a8 00000004 b arbiter
0011b5ac 00000004 b currentAddr
0011b5b0 00000004 b maxAddr
0011b5b4 00000004 b minAddr
0011b5b8 00000004 b srvPmHandle
0011b5c0 000005c0 b archive_devices
0011bb80 00000004 b archive_device_cwd
0011bb84 00000001 b archive_initialized
0011bb88 00000080 b fsExemptArchives
0011bc08 00000004 b fsuRefCount
0011bc0c 00000004 b fsuHandle
0011bc10 0000001c b (anonymous namespace)::emergency_pool
0011bc2c 00000004 b init
0011bc30 00000001 B __eh_globals_init::_S_init
0011bc34 0000000c b (anonymous namespace)::eh_globals
0011bc40 00000004 b (anonymous namespace)::__new_handler
0011bc44 00000010 V std::string::_Rep::_S_empty_rep_storage
0011bc54 00000028 B __malloc_current_mallinfo
0011bc7c 00000004 B __malloc_max_total_mem
0011bc80 00000004 B __malloc_max_sbrked_mem
0011bc84 00000004 B __malloc_top_pad
0011bc88 00000168 B __sf
0011bdf0 00000004 B __stdio_exit_handler
0011bdf4 0000000c b __malloc_recursive_mutex
0011be00 0000000c b __env_recursive_mutex
0011be0c 00000004 b initial_env
0011be10 00000400 b temp_cwd
0011c210 00000004 B fake_heap_start
0011c214 00000004 B fake_heap_end
0011c218 00000004 b heap_start.0
0011c21c B __tls_start
0011ce24 B __bss_end__
0011ce24 A __end__
0011ce24 B __tls_end
