Archive member included to satisfy reference by file (symbol)

/opt/devkitpro/libctru/lib/libcitro3d.a(attribs.o)
                              GameMenu.o (AttrInfo_Init)
/opt/devkitpro/libctru/lib/libcitro3d.a(base.o)
                              /opt/devkitpro/libctru/lib/libcitro3d.a(attribs.o) (__C3D_Context)
/opt/devkitpro/libctru/lib/libcitro3d.a(buffers.o)
                              GameMenu.o (BufInfo_Init)
/opt/devkitpro/libctru/lib/libcitro3d.a(drawArrays.o)
                              RenderLayer.o (C3D_DrawArrays)
/opt/devkitpro/libctru/lib/libcitro3d.a(effect.o)
                              /opt/devkitpro/libctru/lib/libcitro3d.a(base.o) (C3D_DepthMap)
/opt/devkitpro/libctru/lib/libcitro3d.a(framebuffer.o)
                              /opt/devkitpro/libctru/lib/libcitro3d.a(base.o) (C3Di_FrameBufBind)
/opt/devkitpro/libctru/lib/libcitro3d.a(immediate.o)
                              /opt/devkitpro/libctru/lib/libcitro3d.a(base.o) (C3D_ImmSendAttrib)
/opt/devkitpro/libctru/lib/libcitro3d.a(lightenv.o)
                              GameMenu.o (C3D_LightEnvInit)
/opt/devkitpro/libctru/lib/libcitro3d.a(lightlut.o)
                              GameMenu.o (LightLut_FromFunc)
/opt/devkitpro/libctru/lib/libcitro3d.a(renderqueue.o)
                              /opt/devkitpro/libctru/lib/libcitro3d.a(base.o) (C3Di_RenderQueueEnableVBlank)
/opt/devkitpro/libctru/lib/libcitro3d.a(texenv.o)
                              GameMenu.o (C3D_GetTexEnv)
/opt/devkitpro/libctru/lib/libcitro3d.a(texture.o)
                              /opt/devkitpro/libctru/lib/libcitro3d.a(base.o) (C3Di_SetTex)
/opt/devkitpro/libctru/lib/libcitro3d.a(uniforms.o)
                              /opt/devkitpro/libctru/lib/libcitro3d.a(base.o) (C3D_UpdateUniforms)
/opt/devkitpro/libctru/lib/libcitro3d.a(mtx_perspstereotilt.o)
                              RenderLayer.o (Mtx_PerspStereoTilt)
/opt/devkitpro/libctru/lib/libcitro3d.a(mtx_rotatex.o)
                              RenderLayer.o (Mtx_RotateX)
/opt/devkitpro/libctru/lib/libcitro3d.a(mtx_rotatey.o)
                              RenderLayer.o (Mtx_RotateY)
/opt/devkitpro/libctru/lib/libcitro3d.a(mtx_translate.o)
                              RenderLayer.o (Mtx_Translate)
/opt/devkitpro/libctru/lib/libcitro3d.a(light.o)
                              /opt/devkitpro/libctru/lib/libcitro3d.a(lightenv.o) (C3Di_LightMtlBlend)
/opt/devkitpro/libctru/lib/libctru.a(linear.o)
                              GameMenu.o (linearAlloc)
/opt/devkitpro/libctru/lib/libctru.a(mem_pool.o)
                              /opt/devkitpro/libctru/lib/libctru.a(linear.o) (_ZN7MemPool8AllocateER8MemChunkmi)
/opt/devkitpro/libctru/lib/libctru.a(vram.o)
                              /opt/devkitpro/libctru/lib/libcitro3d.a(renderqueue.o) (vramAlloc)
/opt/devkitpro/libctru/lib/libctru.a(gfx.o)
                              GameMenu.o (gfxSet3D)
/opt/devkitpro/libctru/lib/libctru.a(os.o)
                              /opt/devkitpro/libctru/lib/libcitro3d.a(buffers.o) (osConvertVirtToPhys)
/opt/devkitpro/libctru/lib/libctru.a(gpu.o)
                              /opt/devkitpro/libctru/lib/libcitro3d.a(renderqueue.o) (gpuCmdBuf)
/opt/devkitpro/libctru/lib/libctru.a(gx.o)
                              /opt/devkitpro/libctru/lib/libcitro3d.a(renderqueue.o) (GX_BindQueue)
/opt/devkitpro/libctru/lib/libctru.a(gxqueue.o)
                              /opt/devkitpro/libctru/lib/libcitro3d.a(renderqueue.o) (gxCmdQueueClear)
/opt/devkitpro/libctru/lib/libctru.a(shaderProgram.o)
                              GameMenu.o (shaderInstanceGetUniformLocation)
/opt/devkitpro/libctru/lib/libctru.a(shbin.o)
                              GameMenu.o (DVLB_ParseFile)
/opt/devkitpro/libctru/lib/libctru.a(apt.o)
                              /opt/devkitpro/libctru/lib/libcitro3d.a(base.o) (aptHook)
/opt/devkitpro/libctru/lib/libctru.a(gspgpu.o)
                              /opt/devkitpro/libctru/lib/libctru.a(gfx.o) (gspInit)
/opt/devkitpro/libctru/lib/libctru.a(hid.o)
                              core.o (hidScanInput)
/opt/devkitpro/libctru/lib/libctru.a(irrst.o)
                              /opt/devkitpro/libctru/lib/libctru.a(hid.o) (irrstInit)
/opt/devkitpro/libctru/lib/libctru.a(ptmsysm.o)
                              /opt/devkitpro/libctru/lib/libctru.a(os.o) (ptmSysmInit)
/opt/devkitpro/libctru/lib/libctru.a(rbtree_find.o)
                              /opt/devkitpro/libctru/lib/libctru.a(linear.o) (rbtree_find)
/opt/devkitpro/libctru/lib/libctru.a(rbtree_init.o)
                              /opt/devkitpro/libctru/lib/libctru.a(linear.o) (rbtree_init)
/opt/devkitpro/libctru/lib/libctru.a(rbtree_insert.o)
                              /opt/devkitpro/libctru/lib/libctru.a(linear.o) (rbtree_insert)
/opt/devkitpro/libctru/lib/libctru.a(rbtree_remove.o)
                              /opt/devkitpro/libctru/lib/libctru.a(linear.o) (rbtree_remove)
/opt/devkitpro/libctru/lib/libctru.a(rbtree_rotate.o)
[...]
Memory Configuration

Name             Origin             Length             Attributes
*default*        0x00000000         0xffffffff

Linker script and memory map

                0x00000000                        __sync_synchronize = __sync_synchronize_dmb
                0x00100000                        PROVIDE (__start__ = 0x100000)
                0x00100000                        . = __start__

.text           0x00100000    0x15ab4
 *(.crt0)
 .crt0          0x00100000       0x94 /opt/devkitpro/devkitARM/lib/gcc/arm-none-eabi/15.2.0/../../../../arm-none-eabi/lib/armv6k/fpu/3dsx_crt0.o
                0x00100000                _start
                0x00100008                __service_ptr
                0x0010000c                __apt_appid
                0x00100010                __heap_size
                0x00100014                __linear_heap_size
                0x00100018                __system_arglist
                0x0010001c                __system_runflags
 *(.init)
 .init          0x00100094        0xc /opt/devkitpro/devkitARM/lib/gcc/arm-none-eabi/15.2.0/armv6k/fpu/crti.o
                0x00100094                _init
 .init          0x001000a0        0xc /opt/devkitpro/devkitARM/lib/gcc/arm-none-eabi/15.2.0/armv6k/fpu/crtn.o
                0x001000ac                        . = ALIGN (0x4)
 *(.text)
 .text          0x001000ac      0x3c0 /opt/devkitpro/devkitARM/lib/gcc/arm-none-eabi/15.2.0/armv6k/fpu/libgcc.a(_arm_addsubdf3.o)
                0x001000ac                __aeabi_drsub
                0x001000b4                __aeabi_dsub
                0x001000b4                __subdf3
                0x001000b8                __adddf3
                0x001000b8                __aeabi_dadd
                0x00100364                __aeabi_ui2d
                0x00100364                __floatunsidf
                0x00100388                __floatsidf
                0x00100388                __aeabi_i2d
                0x001003b0                __extendsfdf2
                0x001003b0                __aeabi_f2d
                0x001003f8                __aeabi_ul2d
                0x001003f8                __floatundidf
                0x0010040c                __floatdidf
                0x0010040c                __aeabi_l2d
 .text          0x0010046c      0x1a8 /opt/devkitpro/devkitARM/lib/gcc/arm-none-eabi/15.2.0/armv6k/fpu/libgcc.a(libunwind.o)
                0x0010046c                __restore_core_regs
                0x0010046c                restore_core_regs
                0x00100480                __gnu_Unwind_Restore_VFP
                0x00100488                __gnu_Unwind_Save_VFP
                0x00100490                __gnu_Unwind_Restore_VFP_D
                0x00100498                __gnu_Unwind_Save_VFP_D
                0x001004a0                __gnu_Unwind_Restore_VFP_D_16_to_31
                0x001004a8                __gnu_Unwind_Save_VFP_D_16_to_31
                0x001004b0                __gnu_Unwind_Restore_WMMXD
                0x001004f4                __gnu_Unwind_Save_WMMXD
                0x00100538                __gnu_Unwind_Restore_WMMXC
                0x0010054c                __gnu_Unwind_Save_WMMXC
                0x00100560                ___Unwind_RaiseException
                0x00100560                _Unwind_RaiseException
                0x00100584                ___Unwind_Resume
                0x00100584                _Unwind_Resume
                0x001005a8                _Unwind_Resume_or_Rethrow
                0x001005a8                ___Unwind_Resume_or_Rethrow
                0x001005cc                ___Unwind_ForcedUnwind
                0x001005cc                _Unwind_ForcedUnwind
                0x001005f0                _Unwind_Backtrace
                0x001005f0                ___Unwind_Backtrace
 .text          0x00100614        0x4 /opt/devkitpro/devkitARM/lib/gcc/arm-none-eabi/15.2.0/armv6k/fpu/libgcc.a(_dvmd_tls.o)
                0x00100614                __aeabi_ldiv0
                0x00100614                __aeabi_idiv0
 *fill*         0x00100618        0x8 
 .text          0x00100620      0x390 /opt/devkitpro/devkitARM/lib/gcc/arm-none-eabi/15.2.0/../../../../arm-none-eabi/lib/armv6k/fpu/libg.a(libc_a-strcmp.o)
                0x00100628                strcmp
 .text          0x001009b0      0x20c /opt/devkitpro/devkitARM/lib/gcc/arm-none-eabi/15.2.0/armv6k/fpu/libgcc.a(_udivsi3.o)
                0x001009b0                __udivsi3
                0x001009b0                __aeabi_uidiv
                0x00100b9c                __aeabi_uidivmod
 *(.text.*)
 .text.__do_global_dtors_aux
                0x00100bbc       0x50 /opt/devkitpro/devkitARM/lib/gcc/arm-none-eabi/15.2.0/armv6k/fpu/crtbegin.o
 .text.frame_dummy
                0x00100c0c       0x2c /opt/devkitpro/devkitARM/lib/gcc/arm-none-eabi/15.2.0/armv6k/fpu/crtbegin.o
 .text.startup.main
                0x00100c38       0xb8 main.o
                0x00100c38                main
 .text._ZN4Core8AppLayer7OnEventEv
                0x00100cf0        0x4 core.o
                0x00100cf0                _ZN4Core8AppLayer7OnEventEv
 .text._ZN4Core8AppLayer8OnUpdateEv
                0x00100cf4        0x4 core.o
                0x00100cf4                _ZN4Core8AppLayer8OnUpdateEv
 .text._ZN4Core8AppLayer8OnRenderEv
                0x00100cf8        0x4 core.o
                0x00100cf8                _ZN4Core8AppLayer8OnRenderEv
 .text._ZN4Core4Core3RunEv
                0x00100cfc       0xc8 core.o
                0x00100cfc                _ZN4Core4Core3RunEv
 .text._ZN4Core4Core4ExecEv
                0x00100dc4       0x74 core.o
                0x00100dc4                _ZN4Core4Core4ExecEv
 .text._ZNSt6vectorISt10unique_ptrIN4Core8AppLayerESt14default_deleteIS2_EESaIS5_EE17_M_realloc_appendIJS5_EEEvDpOT_
                0x00100e38       0xc8 core.o
                0x00100e38                _ZNSt6vectorISt10unique_ptrIN4Core8AppLayerESt14default_deleteIS2_EESaIS5_EE17_M_realloc_appendIJS5_EEEvDpOT_
 .text._ZN4Core4Core4pushESt10unique_ptrINS_8AppLayerESt14default_deleteIS2_EE
                0x00100f00       0x3c core.o
                0x00100f00                _ZN4Core4Core4pushESt10unique_ptrINS_8AppLayerESt14default_deleteIS2_EE
 .text._ZN8GameMenu4Menu6OnExitEv
                0x00100f3c        0x4 GameMenu.o
                0x00100f3c                _ZN8GameMenu4Menu7OnEventEv
                0x00100f3c                _ZN8GameMenu4Menu6OnExitEv
                0x00100f3c                _ZN8GameMenu4Menu8OnUpdateEv
 .text._ZN8GameMenu4MenuD2Ev
                0x00100f40        0x4 GameMenu.o
                0x00100f40                _ZN8GameMenu4MenuD2Ev
                0x00100f40                _ZN8GameMenu4MenuD1Ev
 .text._ZN11renderlayer11RenderLayer10InitializeEv
                0x00100f44       0x84 GameMenu.o
                0x00100f44                _ZN11renderlayer11RenderLayer10InitializeEv
 .text._ZN11renderlayer11RenderLayer15InitializeSceneEv
                0x00100fc8      0x194 GameMenu.o
                0x00100fc8                _ZN11renderlayer11RenderLayer15InitializeSceneEv
 .text._ZN8GameMenu4Menu8OnRenderEv
                0x0010115c       0x24 GameMenu.o
                0x0010115c                _ZN8GameMenu4Menu8OnRenderEv
 .text._ZN8GameMenu4MenuD0Ev
                0x00101180       0x20 GameMenu.o
                0x00101180                _ZN8GameMenu4MenuD0Ev
 .text._ZN8GameMenu4Menu7OnStartEv
                0x001011a0       0x8c GameMenu.o
                0x001011a0                _ZN8GameMenu4Menu7OnStartEv
 .text.startup._GLOBAL__sub_I__ZN8GameMenu9RenderlayE
                0x0010122c       0x38 GameMenu.o
 .text.exit._GLOBAL__sub_D__ZN8GameMenu9RenderlayE
                0x00101264       0x50 GameMenu.o
 .text._ZN11renderlayer11RenderLayer6RenderEv
                0x001012b4       0x44 RenderLayer.o
                0x001012b4                _ZN11renderlayer11RenderLayer6RenderEv
 .text._ZN11renderlayer11RenderLayer11SceneRenderEf
                0x001012f8      0x15c RenderLayer.o
                0x001012f8                _ZN11renderlayer11RenderLayer11SceneRenderEf
 .text.startup._GLOBAL__sub_I__ZN11renderlayer6sliderE
                0x00101454       0x2c RenderLayer.o
 .text.AttrInfo_Init
                0x00101480       0x28 /opt/devkitpro/libctru/lib/libcitro3d.a(attribs.o)
                0x00101480                AttrInfo_Init
 .text.AttrInfo_AddLoader
                0x001014a8       0x94 /opt/devkitpro/libctru/lib/libcitro3d.a(attribs.o)
                0x001014a8                AttrInfo_AddLoader
 .text.C3D_GetAttrInfo
                0x0010153c       0x20 /opt/devkitpro/libctru/lib/libcitro3d.a(attribs.o)
                0x0010153c                C3D_GetAttrInfo
 .text.C3Di_AttrInfoBind
                0x0010155c       0x80 /opt/devkitpro/libctru/lib/libcitro3d.a(attribs.o)
                0x0010155c                C3Di_AttrInfoBind
 .text.C3Di_ProcTexUpdate
                0x001015dc        0x4 /opt/devkitpro/libctru/lib/libcitro3d.a(base.o)
                0x001015dc                C3Di_ProcTexUpdate
 .text.C3Di_ProcTexDirty
                0x001015e0        0x4 /opt/devkitpro/libctru/lib/libcitro3d.a(base.o)
                0x001015e0                C3Di_ProcTexDirty
 .text.C3Di_AptEventHook
                0x001015e4       0xb4 /opt/devkitpro/libctru/lib/libcitro3d.a(base.o)
 .text.C3Di_GasUpdate
                0x00101698        0x4 /opt/devkitpro/libctru/lib/libcitro3d.a(base.o)
                0x00101698                C3Di_GasUpdate
 .text.C3D_Init
                0x0010169c      0x1d0 /opt/devkitpro/libctru/lib/libcitro3d.a(base.o)
                0x0010169c                C3D_Init
 .text.C3D_SetViewport
                0x0010186c       0x98 /opt/devkitpro/libctru/lib/libcitro3d.a(base.o)
                0x0010186c                C3D_SetViewport
 .text.C3Di_UpdateContext
                0x00101904      0x4e8 /opt/devkitpro/libctru/lib/libcitro3d.a(base.o)
                0x00101904                C3Di_UpdateContext
 .text.C3Di_SplitFrame
                0x00101dec       0xe0 /opt/devkitpro/libctru/lib/libcitro3d.a(base.o)
                0x00101dec                C3Di_SplitFrame
 .text.C3D_BindProgram
                0x00101ecc      0x194 /opt/devkitpro/libctru/lib/libcitro3d.a(base.o)
                0x00101ecc                C3D_BindProgram
 .text.BufInfo_Init
                0x00102060       0x24 /opt/devkitpro/libctru/lib/libcitro3d.a(buffers.o)
                0x00102060                BufInfo_Init
 .text.BufInfo_Add
                0x00102084       0x80 /opt/devkitpro/libctru/lib/libcitro3d.a(buffers.o)
                0x00102084                BufInfo_Add
 .text.C3D_GetBufInfo
                0x00102104       0x20 /opt/devkitpro/libctru/lib/libcitro3d.a(buffers.o)
                0x00102104                C3D_GetBufInfo
 .text.C3Di_BufInfoBind
                0x00102124       0x48 /opt/devkitpro/libctru/lib/libcitro3d.a(buffers.o)
                0x00102124                C3Di_BufInfoBind
 .text.C3D_DrawArrays
                0x0010216c      0x148 /opt/devkitpro/libctru/lib/libcitro3d.a(drawArrays.o)
                0x0010216c                C3D_DrawArrays
 .text.C3D_DepthMap
                0x001022b4       0x40 /opt/devkitpro/libctru/lib/libcitro3d.a(effect.o)
                0x001022b4                C3D_DepthMap
 .text.C3D_CullFace
                0x001022f4       0x1c /opt/devkitpro/libctru/lib/libcitro3d.a(effect.o)
                0x001022f4                C3D_CullFace
 .text.C3D_StencilTest
                0x00102310       0x40 /opt/devkitpro/libctru/lib/libcitro3d.a(effect.o)
                0x00102310                C3D_StencilTest
 .text.C3D_StencilOp
                0x00102350       0x24 /opt/devkitpro/libctru/lib/libcitro3d.a(effect.o)
                0x00102350                C3D_StencilOp
 .text.C3D_BlendingColor
                0x00102374       0x1c /opt/devkitpro/libctru/lib/libcitro3d.a(effect.o)
                0x00102374                C3D_BlendingColor
 .text.C3D_EarlyDepthTest
                0x00102390       0x24 /opt/devkitpro/libctru/lib/libcitro3d.a(effect.o)
                0x00102390                C3D_EarlyDepthTest
 .text.C3D_DepthTest
                0x001023b4       0x2c /opt/devkitpro/libctru/lib/libcitro3d.a(effect.o)
                0x001023b4                C3D_DepthTest
 .text.C3D_AlphaTest
                0x001023e0       0x2c /opt/devkitpro/libctru/lib/libcitro3d.a(effect.o)
                0x001023e0                C3D_AlphaTest
 .text.C3D_AlphaBlend
                0x0010240c       0x50 /opt/devkitpro/libctru/lib/libcitro3d.a(effect.o)
                0x0010240c                C3D_AlphaBlend
 .text.C3D_FragOpMode
                0x0010245c       0x30 /opt/devkitpro/libctru/lib/libcitro3d.a(effect.o)
                0x0010245c                C3D_FragOpMode
 .text.C3D_FragOpShadow
                0x0010248c       0x44 /opt/devkitpro/libctru/lib/libcitro3d.a(effect.o)
                0x0010248c                C3D_FragOpShadow
 .text.C3Di_EffectBind
                0x001024d0      0x1ac /opt/devkitpro/libctru/lib/libcitro3d.a(effect.o)
                0x001024d0                C3Di_EffectBind
 .text.C3D_CalcColorBufSize
                0x0010267c       0x1c /opt/devkitpro/libctru/lib/libcitro3d.a(framebuffer.o)
                0x0010267c                C3D_CalcColorBufSize
 .text.C3D_CalcDepthBufSize
                0x00102698       0x1c /opt/devkitpro/libctru/lib/libcitro3d.a(framebuffer.o)
                0x00102698                C3D_CalcDepthBufSize
 .text.C3D_SetFrameBuf
                0x001026b4       0x44 /opt/devkitpro/libctru/lib/libcitro3d.a(framebuffer.o)
                0x001026b4                C3D_SetFrameBuf
 .text.C3Di_FrameBufBind
                0x001026f8      0x16c /opt/devkitpro/libctru/lib/libcitro3d.a(framebuffer.o)
                0x001026f8                C3Di_FrameBufBind
 .text.C3D_FrameBufClear
                0x00102864       0xc8 /opt/devkitpro/libctru/lib/libcitro3d.a(framebuffer.o)
                0x00102864                C3D_FrameBufClear
 .text.C3D_FrameBufTransfer
                0x0010292c       0x44 /opt/devkitpro/libctru/lib/libcitro3d.a(framebuffer.o)
                0x0010292c                C3D_FrameBufTransfer
 .text.C3D_ImmSendAttrib
                0x00102970       0xa8 /opt/devkitpro/libctru/lib/libcitro3d.a(immediate.o)
                0x00102970                C3D_ImmSendAttrib
 .text.C3Di_LightEnvUpdate
                0x00102a18      0x3a4 /opt/devkitpro/libctru/lib/libcitro3d.a(lightenv.o)
                0x00102a18                C3Di_LightEnvUpdate
 .text.C3Di_LightEnvDirty
                0x00102dbc       0x9c /opt/devkitpro/libctru/lib/libcitro3d.a(lightenv.o)
                0x00102dbc                C3Di_LightEnvDirty
 .text.C3D_LightEnvInit
                0x00102e58       0x5c /opt/devkitpro/libctru/lib/libcitro3d.a(lightenv.o)
                0x00102e58                C3D_LightEnvInit
 .text.C3D_LightEnvBind
                0x00102eb4       0x2c /opt/devkitpro/libctru/lib/libcitro3d.a(lightenv.o)
                0x00102eb4                C3D_LightEnvBind
 .text.C3D_LightEnvMaterial
                0x00102ee0       0x84 /opt/devkitpro/libctru/lib/libcitro3d.a(lightenv.o)
                0x00102ee0                C3D_LightEnvMaterial
 .text.C3D_LightEnvLut
                0x00102f64       0xbc /opt/devkitpro/libctru/lib/libcitro3d.a(lightenv.o)
                0x00102f64                C3D_LightEnvLut
 .text.LightLut_FromArray
                0x00103020       0xa8 /opt/devkitpro/libctru/lib/libcitro3d.a(lightlut.o)
                0x00103020                LightLut_FromArray
 .text.LightLut_FromFunc
                0x001030c8       0xcc /opt/devkitpro/libctru/lib/libcitro3d.a(lightlut.o)
                0x001030c8                LightLut_FromFunc
 .text.onVBlank0
                0x00103194       0x4c /opt/devkitpro/libctru/lib/libcitro3d.a(renderqueue.o)
 .text.onVBlank1
                0x001031e0       0x4c /opt/devkitpro/libctru/lib/libcitro3d.a(renderqueue.o)
 .text.onQueueFinish
                0x0010322c       0xf4 /opt/devkitpro/libctru/lib/libcitro3d.a(renderqueue.o)
 .text.C3Di_RenderQueueEnableVBlank
                0x00103320       0x38 /opt/devkitpro/libctru/lib/libcitro3d.a(renderqueue.o)
                0x00103320                C3Di_RenderQueueEnableVBlank
 .text.C3Di_RenderQueueDisableVBlank
                0x00103358       0x30 /opt/devkitpro/libctru/lib/libcitro3d.a(renderqueue.o)
                0x00103358                C3Di_RenderQueueDisableVBlank
 .text.C3Di_RenderQueueInit
                0x00103388       0x60 /opt/devkitpro/libctru/lib/libcitro3d.a(renderqueue.o)
                0x00103388                C3Di_RenderQueueInit
 .text.C3Di_RenderQueueWaitDone
                0x001033e8       0x34 /opt/devkitpro/libctru/lib/libcitro3d.a(renderqueue.o)
                0x001033e8                C3Di_RenderQueueWaitDone
 .text.C3D_FrameBegin
                0x0010341c       0xe8 /opt/devkitpro/libctru/lib/libcitro3d.a(renderqueue.o)
                0x0010341c                C3D_FrameBegin
 .text.C3D_FrameDrawOn
                0x00103504       0x48 /opt/devkitpro/libctru/lib/libcitro3d.a(renderqueue.o)
                0x00103504                C3D_FrameDrawOn
 .text.C3D_FrameEnd
                0x0010354c      0x1d0 /opt/devkitpro/libctru/lib/libcitro3d.a(renderqueue.o)
                0x0010354c                C3D_FrameEnd
 .text.C3D_RenderTargetCreate
                0x0010371c      0x170 /opt/devkitpro/libctru/lib/libcitro3d.a(renderqueue.o)
                0x0010371c                C3D_RenderTargetCreate
 .text.C3D_GetTexEnv
                0x0010388c       0x34 /opt/devkitpro/libctru/lib/libcitro3d.a(texenv.o)
                0x0010388c                C3D_GetTexEnv
 .text.C3Di_TexEnvBind
                0x001038c0       0x24 /opt/devkitpro/libctru/lib/libcitro3d.a(texenv.o)
                0x001038c0                C3Di_TexEnvBind
 .text.C3Di_SetTex
                0x001038e4      0x14c /opt/devkitpro/libctru/lib/libcitro3d.a(texture.o)
                0x001038e4                C3Di_SetTex
 .text.C3D_UpdateUniforms
                0x00103a30      0x290 /opt/devkitpro/libctru/lib/libcitro3d.a(uniforms.o)
                0x00103a30                C3D_UpdateUniforms
 .text.C3Di_DirtyUniforms
                0x00103cc0       0xc0 /opt/devkitpro/libctru/lib/libcitro3d.a(uniforms.o)
                0x00103cc0                C3Di_DirtyUniforms
 .text.C3Di_LoadShaderUniforms
                0x00103d80       0xd8 /opt/devkitpro/libctru/lib/libcitro3d.a(uniforms.o)
                0x00103d80                C3Di_LoadShaderUniforms
 .text.C3Di_ClearShaderUniforms
                0x00103e58       0x28 /opt/devkitpro/libctru/lib/libcitro3d.a(uniforms.o)
                0x00103e58                C3Di_ClearShaderUniforms
 .text.Mtx_PerspStereoTilt
                0x00103e80       0xb8 /opt/devkitpro/libctru/lib/libcitro3d.a(mtx_perspstereotilt.o)
                0x00103e80                Mtx_PerspStereoTilt
 .text.Mtx_RotateX
                0x00103f38       0xa4 /opt/devkitpro/libctru/lib/libcitro3d.a(mtx_rotatex.o)
                0x00103f38                Mtx_RotateX
 .text.Mtx_RotateY
                0x00103fdc       0xa0 /opt/devkitpro/libctru/lib/libcitro3d.a(mtx_rotatey.o)
                0x00103fdc                Mtx_RotateY
 .text.Mtx_Translate
                0x0010407c       0xa4 /opt/devkitpro/libctru/lib/libcitro3d.a(mtx_translate.o)
                0x0010407c                Mtx_Translate
 .text.C3Di_LightMtlBlend
                0x00104120       0xdc /opt/devkitpro/libctru/lib/libcitro3d.a(light.o)
                0x00104120                C3Di_LightMtlBlend
 .text._ZL21addrMapNodeComparatorPK11rbtree_nodeS1_
                0x001041fc       0x24 /opt/devkitpro/libctru/lib/libctru.a(linear.o)
 .text._ZL21addrMapNodeDestructorP11rbtree_node
                0x00104220        0x4 /opt/devkitpro/libctru/lib/libctru.a(linear.o)
 .text.linearMemAlign
                0x00104224      0x12c /opt/devkitpro/libctru/lib/libctru.a(linear.o)
                0x00104224                linearMemAlign
 .text.linearAlloc
                0x00104350        0x8 /opt/devkitpro/libctru/lib/libctru.a(linear.o)
                0x00104350                linearAlloc
 .text.linearFree
                0x00104358       0x5c /opt/devkitpro/libctru/lib/libctru.a(linear.o)
                0x00104358                linearFree
 .text._ZN7MemPool13CoalesceRightEP8MemBlock
                0x001043b4       0x88 /opt/devkitpro/libctru/lib/libctru.a(mem_pool.o)
                0x001043b4                _ZN7MemPool13CoalesceRightEP8MemBlock
 .text._ZN7MemPool8AllocateER8MemChunkmi
                0x0010443c      0x178 /opt/devkitpro/libctru/lib/libctru.a(mem_pool.o)
                0x0010443c                _ZN7MemPool8AllocateER8MemChunkmi
 .text._ZN7MemPool10DeallocateERK8MemChunk
                0x001045b4      0x118 /opt/devkitpro/libctru/lib/libctru.a(mem_pool.o)
                0x001045b4                _ZN7MemPool10DeallocateERK8MemChunk
 .text._ZN7MemPool12GetFreeSpaceEv
                0x001046cc       0x30 /opt/devkitpro/libctru/lib/libctru.a(mem_pool.o)
                0x001046cc                _ZN7MemPool12GetFreeSpaceEv
 .text._ZL21addrMapNodeComparatorPK11rbtree_nodeS1_
                0x001046fc       0x24 /opt/devkitpro/libctru/lib/libctru.a(vram.o)
 .text._ZL21addrMapNodeDestructorP11rbtree_node
                0x00104720        0x4 /opt/devkitpro/libctru/lib/libctru.a(vram.o)
 .text.vramMemAlignAt
                0x00104724      0x248 /opt/devkitpro/libctru/lib/libctru.a(vram.o)
                0x00104724                vramMemAlignAt
 .text.vramAlloc
                0x0010496c        0xc /opt/devkitpro/libctru/lib/libctru.a(vram.o)
                0x0010496c                vramAlloc
 .text.vramAllocAt
                0x00104978        0xc /opt/devkitpro/libctru/lib/libctru.a(vram.o)
                0x00104978                vramAllocAt
 .text.vramFree
                0x00104984       0x94 /opt/devkitpro/libctru/lib/libctru.a(vram.o)
                0x00104984                vramFree
 .text.gfxPresentFramebuffer
                0x00104a18       0xcc /opt/devkitpro/libctru/lib/libctru.a(gfx.o)
 .text.gfxSet3D
                0x00104ae4       0x10 /opt/devkitpro/libctru/lib/libctru.a(gfx.o)
                0x00104ae4                gfxSet3D
 .text.gfxSetScreenFormat
                0x00104af4       0xf8 /opt/devkitpro/libctru/lib/libctru.a(gfx.o)
                0x00104af4                gfxSetScreenFormat
 .text.gfxInit  0x00104bec       0xd8 /opt/devkitpro/libctru/lib/libctru.a(gfx.o)
                0x00104bec                gfxInit
 .text.gfxInitDefault
                0x00104cc4       0x10 /opt/devkitpro/libctru/lib/libctru.a(gfx.o)
                0x00104cc4                gfxInitDefault
 .text.gfxGetFramebuffer
                0x00104cd4       0xa0 /opt/devkitpro/libctru/lib/libctru.a(gfx.o)
                0x00104cd4                gfxGetFramebuffer
 .text.gfxScreenSwapBuffers
                0x00104d74       0x28 /opt/devkitpro/libctru/lib/libctru.a(gfx.o)
                0x00104d74                gfxScreenSwapBuffers
 .text.gfxSwapBuffers
                0x00104d9c       0x50 /opt/devkitpro/libctru/lib/libctru.a(gfx.o)
                0x00104d9c                gfxSwapBuffers
 .text.osConvertVirtToPhys
                0x00104dec       0x74 /opt/devkitpro/libctru/lib/libctru.a(os.o)
                0x00104dec                osConvertVirtToPhys
 .text.__ctru_speedup_config
                0x00104e60       0x34 /opt/devkitpro/libctru/lib/libctru.a(os.o)
                0x00104e60                __ctru_speedup_config
 .text.GPUCMD_Add
                0x00104e94      0x13c /opt/devkitpro/libctru/lib/libctru.a(gpu.o)
                0x00104e94                GPUCMD_Add
 .text.GPUCMD_Split
                0x00104fd0       0xb0 /opt/devkitpro/libctru/lib/libctru.a(gpu.o)
                0x00104fd0                GPUCMD_Split
 .text.f32tof16
                0x00105080       0x34 /opt/devkitpro/libctru/lib/libctru.a(gpu.o)
                0x00105080                f32tof16
 .text.f32tof24
                0x001050b4       0x34 /opt/devkitpro/libctru/lib/libctru.a(gpu.o)
                0x001050b4                f32tof24
 .text.f32tof31
                0x001050e8       0x38 /opt/devkitpro/libctru/lib/libctru.a(gpu.o)
                0x001050e8                f32tof31
 .text.GX_BindQueue
                0x00105120       0x10 /opt/devkitpro/libctru/lib/libctru.a(gx.o)
                0x00105120                GX_BindQueue
 .text.GX_ProcessCommandList
                0x00105130       0x7c /opt/devkitpro/libctru/lib/libctru.a(gx.o)
                0x00105130                GX_ProcessCommandList
 .text.GX_MemoryFill
                0x001051ac       0x74 /opt/devkitpro/libctru/lib/libctru.a(gx.o)
                0x001051ac                GX_MemoryFill
 .text.GX_DisplayTransfer
                0x00105220       0x74 /opt/devkitpro/libctru/lib/libctru.a(gx.o)
                0x00105220                GX_DisplayTransfer
 .text.gxCmdQueueDoCommands.part.0
                0x00105294       0x64 /opt/devkitpro/libctru/lib/libctru.a(gxqueue.o)
 .text.gxCmdQueueInterrupt
                0x001052f8       0xe4 /opt/devkitpro/libctru/lib/libctru.a(gxqueue.o)
                0x001052f8                gxCmdQueueInterrupt
 .text.gxCmdQueueClear
                0x001053dc       0x68 /opt/devkitpro/libctru/lib/libctru.a(gxqueue.o)
                0x001053dc                gxCmdQueueClear
 .text.gxCmdQueueAdd
                0x00105444      0x108 /opt/devkitpro/libctru/lib/libctru.a(gxqueue.o)
                0x00105444                gxCmdQueueAdd
 .text.gxCmdQueueRun
                0x0010554c       0x80 /opt/devkitpro/libctru/lib/libctru.a(gxqueue.o)
                0x0010554c                gxCmdQueueRun
 .text.gxCmdQueueStop
                0x001055cc       0x64 /opt/devkitpro/libctru/lib/libctru.a(gxqueue.o)
                0x001055cc                gxCmdQueueStop
 .text.gxCmdQueueWait
                0x00105630       0xac /opt/devkitpro/libctru/lib/libctru.a(gxqueue.o)
                0x00105630                gxCmdQueueWait
 .text.shaderInstanceInit
                0x001056dc      0x1e0 /opt/devkitpro/libctru/lib/libctru.a(shaderProgram.o)
                0x001056dc                shaderInstanceInit
 .text.shaderInstanceGetUniformLocation
                0x001058bc       0x18 /opt/devkitpro/libctru/lib/libctru.a(shaderProgram.o)
                0x001058bc                shaderInstanceGetUniformLocation
 .text.shaderProgramInit
                0x001058d4       0x1c /opt/devkitpro/libctru/lib/libctru.a(shaderProgram.o)
                0x001058d4                shaderProgramInit
 .text.shaderProgramSetVsh
                0x001058f0       0x94 /opt/devkitpro/libctru/lib/libctru.a(shaderProgram.o)
                0x001058f0                shaderProgramSetVsh
 .text.shaderProgramConfigure
                0x00105984      0x8d0 /opt/devkitpro/libctru/lib/libctru.a(shaderProgram.o)
                0x00105984                shaderProgramConfigure
 .text.DVLE_GenerateOutmap.part.0
                0x00106254      0x1dc /opt/devkitpro/libctru/lib/libctru.a(shbin.o)
 .text.DVLB_ParseFile
                0x00106430      0x1ac /opt/devkitpro/libctru/lib/libctru.a(shbin.o)
                0x00106430                DVLB_ParseFile
 .text.DVLE_GetUniformRegister
                0x001065dc       0x74 /opt/devkitpro/libctru/lib/libctru.a(shbin.o)
                0x001065dc                DVLE_GetUniformRegister
 .text.aptConvertScreenForCapture
                0x00106650      0x180 /opt/devkitpro/libctru/lib/libctru.a(apt.o)
 .text.aptDspSleep
                0x001067d0        0x8 /opt/devkitpro/libctru/lib/libctru.a(apt.o)
                0x001067d0                aptDspSleep
 .text.aptDspWakeup
                0x001067d8        0x4 /opt/devkitpro/libctru/lib/libctru.a(apt.o)
                0x001067d8                aptDspWakeup
 .text.aptDspCancel
                0x001067dc        0x4 /opt/devkitpro/libctru/lib/libctru.a(apt.o)
                0x001067dc                aptDspCancel
 .text.aptSendCommand
                0x001067e0      0x138 /opt/devkitpro/libctru/lib/libctru.a(apt.o)
                0x001067e0                aptSendCommand
 .text.aptExitProcess
                0x00106918       0x44 /opt/devkitpro/libctru/lib/libctru.a(apt.o)
 .text.aptExit  0x0010695c      0x394 /opt/devkitpro/libctru/lib/libctru.a(apt.o)
                0x0010695c                aptExit
 .text.aptHandleSleep
                0x00106cf0       0xd8 /opt/devkitpro/libctru/lib/libctru.a(apt.o)
                0x00106cf0                aptHandleSleep
 .text.aptHook  0x00106dc8       0x34 /opt/devkitpro/libctru/lib/libctru.a(apt.o)
                0x00106dc8                aptHook
 .text.APT_SleepIfShellClosed
                0x00106dfc       0x84 /opt/devkitpro/libctru/lib/libctru.a(apt.o)
                0x00106dfc                APT_SleepIfShellClosed
 .text.aptSetSleepAllowed
                0x00106e80       0x78 /opt/devkitpro/libctru/lib/libctru.a(apt.o)
                0x00106e80                aptSetSleepAllowed
 .text.APT_UnlockTransition
                0x00106ef8       0x84 /opt/devkitpro/libctru/lib/libctru.a(apt.o)
                0x00106ef8                APT_UnlockTransition
 *fill*         0x00106f7c        0x4 
 .text.aptEventHandler
                0x00106f80      0x470 /opt/devkitpro/libctru/lib/libctru.a(apt.o)
 .text.APT_ReceiveParameter
                0x001073f0       0xbc /opt/devkitpro/libctru/lib/libctru.a(apt.o)
                0x001073f0                APT_ReceiveParameter
 .text.aptReceiveParameter.constprop.0
                0x001074ac       0xb0 /opt/devkitpro/libctru/lib/libctru.a(apt.o)
 *fill*         0x0010755c        0x4 
 .text.aptScreenTransfer
                0x00107560      0x294 /opt/devkitpro/libctru/lib/libctru.a(apt.o)
 .text.aptWaitForWakeUp.isra.0
                0x001077f4      0x2d0 /opt/devkitpro/libctru/lib/libctru.a(apt.o)
 .text.aptJumpToHomeMenu
                0x00107ac4       0xf4 /opt/devkitpro/libctru/lib/libctru.a(apt.o)
                0x00107ac4                aptJumpToHomeMenu
 .text.aptMainLoop
                0x00107bb8       0x58 /opt/devkitpro/libctru/lib/libctru.a(apt.o)
                0x00107bb8                aptMainLoop
 .text.aptInit  0x00107c10      0x240 /opt/devkitpro/libctru/lib/libctru.a(apt.o)
                0x00107c10                aptInit
 .text.APT_CheckNew3DS
                0x00107e50       0x90 /opt/devkitpro/libctru/lib/libctru.a(apt.o)
                0x00107e50                APT_CheckNew3DS
 .text.gspHardwareInit
                0x00107ee0      0xc70 /opt/devkitpro/libctru/lib/libctru.a(gspgpu.o)
 .text.gspInit  0x00108b50      0x288 /opt/devkitpro/libctru/lib/libctru.a(gspgpu.o)
                0x00108b50                gspInit
 .text.gspPresentBuffer
                0x00108dd8       0xa4 /opt/devkitpro/libctru/lib/libctru.a(gspgpu.o)
                0x00108dd8                gspPresentBuffer
 .text.gspSetEventCallback
                0x00108e7c       0x30 /opt/devkitpro/libctru/lib/libctru.a(gspgpu.o)
                0x00108e7c                gspSetEventCallback
 .text.gspWaitForEvent
                0x00108eac       0x50 /opt/devkitpro/libctru/lib/libctru.a(gspgpu.o)
                0x00108eac                gspWaitForEvent
 .text.gspWaitForAnyEvent
                0x00108efc       0x4c /opt/devkitpro/libctru/lib/libctru.a(gspgpu.o)
                0x00108efc                gspWaitForAnyEvent
 .text.gspEventThreadMain
                0x00108f48      0x154 /opt/devkitpro/libctru/lib/libctru.a(gspgpu.o)
 .text.gspSubmitGxCommand
                0x0010909c      0x12c /opt/devkitpro/libctru/lib/libctru.a(gspgpu.o)
                0x0010909c                gspSubmitGxCommand
 .text.GSPGPU_FlushDataCache
                0x001091c8       0x50 /opt/devkitpro/libctru/lib/libctru.a(gspgpu.o)
                0x001091c8                GSPGPU_FlushDataCache
 .text.GSPGPU_SetLcdForceBlack
                0x00109218       0x34 /opt/devkitpro/libctru/lib/libctru.a(gspgpu.o)
                0x00109218                GSPGPU_SetLcdForceBlack
 .text.GSPGPU_AcquireRight
                0x0010924c       0x84 /opt/devkitpro/libctru/lib/libctru.a(gspgpu.o)
                0x0010924c                GSPGPU_AcquireRight
 .text.GSPGPU_ReleaseRight
                0x001092d0       0x64 /opt/devkitpro/libctru/lib/libctru.a(gspgpu.o)
                0x001092d0                GSPGPU_ReleaseRight
 .text.GSPGPU_ImportDisplayCaptureInfo
                0x00109334       0x7c /opt/devkitpro/libctru/lib/libctru.a(gspgpu.o)
                0x00109334                GSPGPU_ImportDisplayCaptureInfo
 .text.GSPGPU_SaveVramSysArea
                0x001093b0       0x2c /opt/devkitpro/libctru/lib/libctru.a(gspgpu.o)
                0x001093b0                GSPGPU_SaveVramSysArea
 .text.GSPGPU_RestoreVramSysArea
                0x001093dc       0x2c /opt/devkitpro/libctru/lib/libctru.a(gspgpu.o)
                0x001093dc                GSPGPU_RestoreVramSysArea
 .text.hidShouldUseIrrst
                0x00109408       0x24 /opt/devkitpro/libctru/lib/libctru.a(hid.o)
                0x00109408                hidShouldUseIrrst
 .text.hidInit  0x0010942c      0x1cc /opt/devkitpro/libctru/lib/libctru.a(hid.o)
                0x0010942c                hidInit
 .text.hidExit  0x001095f8       0xe8 /opt/devkitpro/libctru/lib/libctru.a(hid.o)
                0x001095f8                hidExit
 .text.hidScanInput
                0x001096e0      0x2a0 /opt/devkitpro/libctru/lib/libctru.a(hid.o)
                0x001096e0                hidScanInput
 .text.hidKeysDown
                0x00109980       0x10 /opt/devkitpro/libctru/lib/libctru.a(hid.o)
                0x00109980                hidKeysDown
 .text.irrstInit
                0x00109990      0x1a4 /opt/devkitpro/libctru/lib/libctru.a(irrst.o)
                0x00109990                irrstInit
 .text.irrstExit
                0x00109b34       0xdc /opt/devkitpro/libctru/lib/libctru.a(irrst.o)
                0x00109b34                irrstExit
 .text.irrstScanInput
                0x00109c10       0xb4 /opt/devkitpro/libctru/lib/libctru.a(irrst.o)
                0x00109c10                irrstScanInput
 .text.irrstKeysHeld
                0x00109cc4       0x24 /opt/devkitpro/libctru/lib/libctru.a(irrst.o)
                0x00109cc4                irrstKeysHeld
 .text.ptmSysmInit
                0x00109ce8       0x78 /opt/devkitpro/libctru/lib/libctru.a(ptmsysm.o)
                0x00109ce8                ptmSysmInit
 .text.ptmSysmExit
                0x00109d60       0x3c /opt/devkitpro/libctru/lib/libctru.a(ptmsysm.o)
                0x00109d60                ptmSysmExit
 .text.PTMSYSM_ConfigureNew3DSCPU
                0x00109d9c       0x34 /opt/devkitpro/libctru/lib/libctru.a(ptmsysm.o)
                0x00109d9c                PTMSYSM_ConfigureNew3DSCPU
 .text.rbtree_find
                0x00109dd0       0x74 /opt/devkitpro/libctru/lib/libctru.a(rbtree_find.o)
                0x00109dd0                rbtree_find
 .text.rbtree_init
                0x00109e44       0x10 /opt/devkitpro/libctru/lib/libctru.a(rbtree_init.o)
                0x00109e44                rbtree_init
 .text.do_insert
                0x00109e54      0x198 /opt/devkitpro/libctru/lib/libctru.a(rbtree_insert.o)
 .text.rbtree_insert
                0x00109fec        0x8 /opt/devkitpro/libctru/lib/libctru.a(rbtree_insert.o)
                0x00109fec                rbtree_insert
 .text.rbtree_remove
                0x00109ff4      0x310 /opt/devkitpro/libctru/lib/libctru.a(rbtree_remove.o)
                0x00109ff4                rbtree_remove
 .text.rbtree_rotate
                0x0010a304       0x90 /opt/devkitpro/libctru/lib/libctru.a(rbtree_rotate.o)
                0x0010a304                rbtree_rotate
 *fill*         0x0010a394        0x4 
 .text.__system_allocateHeaps
                0x0010a398      0x1e8 /opt/devkitpro/libctru/lib/libctru.a(allocateHeaps.o)
                0x0010a398                __system_allocateHeaps
 .text.__libctru_init
                0x0010a580       0x38 /opt/devkitpro/libctru/lib/libctru.a(ctru_init.o)
                0x0010a580                __libctru_init
 .text.__system_initArgv
                0x0010a5b8      0x16c /opt/devkitpro/libctru/lib/libctru.a(initArgv.o)
                0x0010a5b8                __system_initArgv
 .text.__syscall_getreent
                0x0010a724       0x30 /opt/devkitpro/libctru/lib/libctru.a(syscalls.o)
                0x0010a724                __syscall_getreent
 .text.__syscall_lock_acquire
                0x0010a754        0x4 /opt/devkitpro/libctru/lib/libctru.a(syscalls.o)
                0x0010a754                __syscall_lock_acquire
 .text.__syscall_lock_release
                0x0010a758        0x4 /opt/devkitpro/libctru/lib/libctru.a(syscalls.o)
                0x0010a758                __syscall_lock_release
 .text.__syscall_lock_acquire_recursive
                0x0010a75c        0x4 /opt/devkitpro/libctru/lib/libctru.a(syscalls.o)
                0x0010a75c                __syscall_lock_acquire_recursive
 .text.__syscall_lock_release_recursive
                0x0010a760        0x4 /opt/devkitpro/libctru/lib/libctru.a(syscalls.o)
                0x0010a760                __syscall_lock_release_recursive
 .text.__syscall_exit
                0x0010a764        0x4 /opt/devkitpro/libctru/lib/libctru.a(syscalls.o)
                0x0010a764                __syscall_exit
 .text.initThreadVars
                0x0010a768       0x54 /opt/devkitpro/libctru/lib/libctru.a(syscalls.o)
                0x0010a768                initThreadVars
 .text.__system_initSyscalls
                0x0010a7bc       0x80 /opt/devkitpro/libctru/lib/libctru.a(syscalls.o)
                0x0010a7bc                __system_initSyscalls
 .text.svcControlMemory
                0x0010a83c       0x20 /opt/devkitpro/libctru/lib/libctru.a(svc.o)
                0x0010a83c                svcControlMemory
 .text.svcQueryMemory
                0x0010a85c       0x30 /opt/devkitpro/libctru/lib/libctru.a(svc.o)
                0x0010a85c                svcQueryMemory
 .text.svcExitProcess
                0x0010a88c        0x8 /opt/devkitpro/libctru/lib/libctru.a(svc.o)
                0x0010a88c                svcExitProcess
 .text.svcCreateThread
                0x0010a894       0x20 /opt/devkitpro/libctru/lib/libctru.a(svc.o)
                0x0010a894                svcCreateThread
 .text.svcExitThread
                0x0010a8b4        0x8 /opt/devkitpro/libctru/lib/libctru.a(svc.o)
                0x0010a8b4                svcExitThread
 .text.svcSleepThread
                0x0010a8bc        0x8 /opt/devkitpro/libctru/lib/libctru.a(svc.o)
                0x0010a8bc                svcSleepThread
 .text.svcReleaseMutex
                0x0010a8c4        0x8 /opt/devkitpro/libctru/lib/libctru.a(svc.o)
                0x0010a8c4                svcReleaseMutex
 .text.svcCreateEvent
                0x0010a8cc       0x14 /opt/devkitpro/libctru/lib/libctru.a(svc.o)
                0x0010a8cc                svcCreateEvent
 .text.svcSignalEvent
                0x0010a8e0        0x8 /opt/devkitpro/libctru/lib/libctru.a(svc.o)
                0x0010a8e0                svcSignalEvent
 .text.svcClearEvent
                0x0010a8e8        0x8 /opt/devkitpro/libctru/lib/libctru.a(svc.o)
                0x0010a8e8                svcClearEvent
 .text.svcMapMemoryBlock
                0x0010a8f0        0x8 /opt/devkitpro/libctru/lib/libctru.a(svc.o)
                0x0010a8f0                svcMapMemoryBlock
 .text.svcUnmapMemoryBlock
                0x0010a8f8        0x8 /opt/devkitpro/libctru/lib/libctru.a(svc.o)
                0x0010a8f8                svcUnmapMemoryBlock
 .text.svcCreateAddressArbiter
                0x0010a900       0x14 /opt/devkitpro/libctru/lib/libctru.a(svc.o)
                0x0010a900                svcCreateAddressArbiter
 .text.svcArbitrateAddressNoTimeout
                0x0010a914        0x8 /opt/devkitpro/libctru/lib/libctru.a(svc.o)
                0x0010a914                svcArbitrateAddressNoTimeout
 .text.svcCloseHandle
                0x0010a91c        0x8 /opt/devkitpro/libctru/lib/libctru.a(svc.o)
                0x0010a91c                svcCloseHandle
 .text.svcWaitSynchronization
                0x0010a924        0x8 /opt/devkitpro/libctru/lib/libctru.a(svc.o)
                0x0010a924                svcWaitSynchronization
 .text.svcWaitSynchronizationN
                0x0010a92c       0x28 /opt/devkitpro/libctru/lib/libctru.a(svc.o)
                0x0010a92c                svcWaitSynchronizationN
 .text.svcDuplicateHandle
                0x0010a954       0x14 /opt/devkitpro/libctru/lib/libctru.a(svc.o)
                0x0010a954                svcDuplicateHandle
 .text.svcGetSystemTick
                0x0010a968        0x8 /opt/devkitpro/libctru/lib/libctru.a(svc.o)
                0x0010a968                svcGetSystemTick
 .text.svcConnectToPort
                0x0010a970       0x14 /opt/devkitpro/libctru/lib/libctru.a(svc.o)
                0x0010a970                svcConnectToPort
 .text.svcSendSyncRequest
                0x0010a984        0x8 /opt/devkitpro/libctru/lib/libctru.a(svc.o)
                0x0010a984                svcSendSyncRequest
 .text.svcGetResourceLimit
                0x0010a98c       0x14 /opt/devkitpro/libctru/lib/libctru.a(svc.o)
                0x0010a98c                svcGetResourceLimit
 .text.svcGetResourceLimitLimitValues
                0x0010a9a0        0x8 /opt/devkitpro/libctru/lib/libctru.a(svc.o)
                0x0010a9a0                svcGetResourceLimitLimitValues
 .text.svcGetResourceLimitCurrentValues
                0x0010a9a8        0x8 /opt/devkitpro/libctru/lib/libctru.a(svc.o)
                0x0010a9a8                svcGetResourceLimitCurrentValues
 .text.svcBreak
                0x0010a9b0        0x8 /opt/devkitpro/libctru/lib/libctru.a(svc.o)
                0x0010a9b0                svcBreak
 .text.initSystem
                0x0010a9b8       0x50 /opt/devkitpro/libctru/lib/libctru.a(stack_adjust.o)
                0x0010a9b8                initSystem
 .text.__ctru_exit
                0x0010aa08       0x14 /opt/devkitpro/libctru/lib/libctru.a(stack_adjust.o)
                0x0010aa08                __ctru_exit
 .text.envGetHandle
                0x0010aa1c       0x8c /opt/devkitpro/libctru/lib/libctru.a(env.o)
                0x0010aa1c                envGetHandle
 .text.envDestroyHandles
                0x0010aaa8       0x50 /opt/devkitpro/libctru/lib/libctru.a(env.o)
                0x0010aaa8                envDestroyHandles
 .text.srvInit  0x0010aaf8      0x164 /opt/devkitpro/libctru/lib/libctru.a(srv.o)
                0x0010aaf8                srvInit
 .text.srvExit  0x0010ac5c       0x64 /opt/devkitpro/libctru/lib/libctru.a(srv.o)
                0x0010ac5c                srvExit
 .text.srvEnableNotification
                0x0010acc0       0x60 /opt/devkitpro/libctru/lib/libctru.a(srv.o)
                0x0010acc0                srvEnableNotification
 .text.srvGetServiceHandleDirect
                0x0010ad20       0xa0 /opt/devkitpro/libctru/lib/libctru.a(srv.o)
                0x0010ad20                srvGetServiceHandleDirect
 .text.srvGetServiceHandle
                0x0010adc0       0x48 /opt/devkitpro/libctru/lib/libctru.a(srv.o)
                0x0010adc0                srvGetServiceHandle
 .text.srvSubscribe
                0x0010ae08       0x34 /opt/devkitpro/libctru/lib/libctru.a(srv.o)
                0x0010ae08                srvSubscribe
 .text.srvReceiveNotification
                0x0010ae3c       0x60 /opt/devkitpro/libctru/lib/libctru.a(srv.o)
                0x0010ae3c                srvReceiveNotification
 .text.srvPublishToSubscriber
                0x0010ae9c       0x38 /opt/devkitpro/libctru/lib/libctru.a(srv.o)
                0x0010ae9c                srvPublishToSubscriber
 .text.__sync_init
                0x0010aed4        0xc /opt/devkitpro/libctru/lib/libctru.a(synchronization.o)
                0x0010aed4                __sync_init
 .text.__sync_fini
                0x0010aee0       0x18 /opt/devkitpro/libctru/lib/libctru.a(synchronization.o)
                0x0010aee0                __sync_fini
 .text.syncArbitrateAddress
                0x0010aef8       0x28 /opt/devkitpro/libctru/lib/libctru.a(synchronization.o)
                0x0010aef8                syncArbitrateAddress
 .text.LightLock_Lock
                0x0010af20       0xac /opt/devkitpro/libctru/lib/libctru.a(synchronization.o)
                0x0010af20                LightLock_Lock
 .text.LightLock_Unlock
                0x0010afcc       0x40 /opt/devkitpro/libctru/lib/libctru.a(synchronization.o)
                0x0010afcc                LightLock_Unlock
 .text.RecursiveLock_Lock
                0x0010b00c       0x54 /opt/devkitpro/libctru/lib/libctru.a(synchronization.o)
                0x0010b00c                RecursiveLock_Lock
 .text.RecursiveLock_Unlock
                0x0010b060       0x54 /opt/devkitpro/libctru/lib/libctru.a(synchronization.o)
                0x0010b060                RecursiveLock_Unlock
 .text.LightEvent_Init
                0x0010b0b4       0x44 /opt/devkitpro/libctru/lib/libctru.a(synchronization.o)
                0x0010b0b4                LightEvent_Init
 .text.LightEvent_Clear
                0x0010b0f8       0xb8 /opt/devkitpro/libctru/lib/libctru.a(synchronization.o)
                0x0010b0f8                LightEvent_Clear
 .text.LightEvent_Signal
                0x0010b1b0       0xdc /opt/devkitpro/libctru/lib/libctru.a(synchronization.o)
                0x0010b1b0                LightEvent_Signal
 .text.LightEvent_TryWait
                0x0010b28c       0x50 /opt/devkitpro/libctru/lib/libctru.a(synchronization.o)
                0x0010b28c                LightEvent_TryWait
 .text.LightEvent_Wait
                0x0010b2dc       0xac /opt/devkitpro/libctru/lib/libctru.a(synchronization.o)
                0x0010b2dc                LightEvent_Wait
 .text.threadCreate
                0x0010b388      0x1fc /opt/devkitpro/libctru/lib/libctru.a(thread.o)
                0x0010b388                threadCreate
 .text.threadFree
                0x0010b584       0x38 /opt/devkitpro/libctru/lib/libctru.a(thread.o)
                0x0010b584                threadFree
 .text.threadJoin
                0x0010b5bc       0x24 /opt/devkitpro/libctru/lib/libctru.a(thread.o)
                0x0010b5bc                threadJoin
 .text.threadGetCurrent
                0x0010b5e0       0x30 /opt/devkitpro/libctru/lib/libctru.a(thread.o)
                0x0010b5e0                threadGetCurrent
 .text.threadExit
                0x0010b610       0x40 /opt/devkitpro/libctru/lib/libctru.a(thread.o)
                0x0010b610                threadExit
 .text._thread_begin
                0x0010b650       0x20 /opt/devkitpro/libctru/lib/libctru.a(thread.o)
 .text.mappableFindAddressWithin
                0x0010b670       0x90 /opt/devkitpro/libctru/lib/libctru.a(mappable.o)
 .text.mappableInit
                0x0010b700       0x28 /opt/devkitpro/libctru/lib/libctru.a(mappable.o)
                0x0010b700                mappableInit
 .text.mappableAlloc
                0x0010b728       0x7c /opt/devkitpro/libctru/lib/libctru.a(mappable.o)
                0x0010b728                mappableAlloc
 .text.mappableFree
                0x0010b7a4        0x4 /opt/devkitpro/libctru/lib/libctru.a(mappable.o)
                0x0010b7a4                mappableFree
 .text.srvPmGetSessionHandle
                0x0010b7a8        0xc /opt/devkitpro/libctru/lib/libctru.a(srvpm.o)
                0x0010b7a8                srvPmGetSessionHandle
 .text.rbtree_node_next
                0x0010b7b4       0x60 /opt/devkitpro/libctru/lib/libctru.a(rbtree_iterator.o)
                0x0010b7b4                rbtree_node_next
 .text.__appExit
                0x0010b814       0x30 /opt/devkitpro/libctru/lib/libctru.a(appExit.o)
                0x0010b814                __appExit
 .text.__appInit
                0x0010b844       0x30 /opt/devkitpro/libctru/lib/libctru.a(appInit.o)
                0x0010b844                __appInit
 .text.__libctru_exit
                0x0010b874       0x90 /opt/devkitpro/libctru/lib/libctru.a(ctru_exit.o)
                0x0010b874                __libctru_exit
 .text.error_cmp
                0x0010b904       0x24 /opt/devkitpro/libctru/lib/libctru.a(archive_dev.o)
 .text.archive_translate_error
                0x0010b928       0x50 /opt/devkitpro/libctru/lib/libctru.a(archive_dev.o)
 .text.archive_seek
                0x0010b978       0xc0 /opt/devkitpro/libctru/lib/libctru.a(archive_dev.o)
 .text._archiveInit.part.0
                0x0010ba38       0x78 /opt/devkitpro/libctru/lib/libctru.a(archive_dev.o)
 .text.archiveFindDevice.part.0
                0x0010bab0      0x110 /opt/devkitpro/libctru/lib/libctru.a(archive_dev.o)
 .text.archive_utf16path
                0x0010bbc0      0x298 /opt/devkitpro/libctru/lib/libctru.a(archive_dev.o)
 .text._archiveUnmountDeviceStruct.part.0
                0x0010be58       0x98 /opt/devkitpro/libctru/lib/libctru.a(archive_dev.o)
 .text._archiveMountDevice
                0x0010bef0      0x178 /opt/devkitpro/libctru/lib/libctru.a(archive_dev.o)
 .text.archive_diropen
                0x0010c068       0xf8 /opt/devkitpro/libctru/lib/libctru.a(archive_dev.o)
 .text.archive_fstat
                0x0010c160       0xac /opt/devkitpro/libctru/lib/libctru.a(archive_dev.o)
 .text.archive_fsync
                0x0010c20c       0x74 /opt/devkitpro/libctru/lib/libctru.a(archive_dev.o)
 .text.archive_close
                0x0010c280       0x74 /opt/devkitpro/libctru/lib/libctru.a(archive_dev.o)
 .text.archive_dirclose
                0x0010c2f4       0x78 /opt/devkitpro/libctru/lib/libctru.a(archive_dev.o)
 .text.sdmc_statvfs
                0x0010c36c       0xec /opt/devkitpro/libctru/lib/libctru.a(archive_dev.o)
 .text.archive_chdir
                0x0010c458       0xf8 /opt/devkitpro/libctru/lib/libctru.a(archive_dev.o)
 .text.archive_ftruncate
                0x0010c550       0x8c /opt/devkitpro/libctru/lib/libctru.a(archive_dev.o)
 .text.archive_read
                0x0010c5dc       0xbc /opt/devkitpro/libctru/lib/libctru.a(archive_dev.o)
 .text.archive_unlink
                0x0010c698       0xa8 /opt/devkitpro/libctru/lib/libctru.a(archive_dev.o)
 .text.archive_rmdir
                0x0010c740       0xc0 /opt/devkitpro/libctru/lib/libctru.a(archive_dev.o)
 .text.archive_mkdir
                0x0010c800       0xd8 /opt/devkitpro/libctru/lib/libctru.a(archive_dev.o)
 .text.archive_stat
                0x0010c8d8      0x1a0 /opt/devkitpro/libctru/lib/libctru.a(archive_dev.o)
 .text.archive_dirnext
                0x0010ca78      0x164 /opt/devkitpro/libctru/lib/libctru.a(archive_dev.o)
 .text.archive_write
                0x0010cbdc      0x13c /opt/devkitpro/libctru/lib/libctru.a(archive_dev.o)
 .text.archive_open
                0x0010cd18      0x254 /opt/devkitpro/libctru/lib/libctru.a(archive_dev.o)
 .text.archive_rename
                0x0010cf6c      0x270 /opt/devkitpro/libctru/lib/libctru.a(archive_dev.o)
 .text.archiveMountSdmc
                0x0010d1dc      0x1c8 /opt/devkitpro/libctru/lib/libctru.a(archive_dev.o)
                0x0010d1dc                archiveMountSdmc
 .text.archiveUnmountAll
                0x0010d3a4       0x54 /opt/devkitpro/libctru/lib/libctru.a(archive_dev.o)
                0x0010d3a4                archiveUnmountAll
 .text.fsInit   0x0010d3f8      0x104 /opt/devkitpro/libctru/lib/libctru.a(fs.o)
                0x0010d3f8                fsInit
 .text.fsExit   0x0010d4fc       0x3c /opt/devkitpro/libctru/lib/libctru.a(fs.o)
                0x0010d4fc                fsExit
 .text.fsExemptFromSession
                0x0010d538       0x68 /opt/devkitpro/libctru/lib/libctru.a(fs.o)
                0x0010d538                fsExemptFromSession
 .text.fsUnexemptFromSession
                0x0010d5a0       0x50 /opt/devkitpro/libctru/lib/libctru.a(fs.o)
                0x0010d5a0                fsUnexemptFromSession
 .text.FSUSER_OpenFile
                0x0010d5f0       0xcc /opt/devkitpro/libctru/lib/libctru.a(fs.o)
                0x0010d5f0                FSUSER_OpenFile
 .text.FSUSER_DeleteFile
                0x0010d6bc       0xb8 /opt/devkitpro/libctru/lib/libctru.a(fs.o)
                0x0010d6bc                FSUSER_DeleteFile
 .text.FSUSER_RenameFile
                0x0010d774       0xf4 /opt/devkitpro/libctru/lib/libctru.a(fs.o)
                0x0010d774                FSUSER_RenameFile
 .text.FSUSER_DeleteDirectory
                0x0010d868       0xb8 /opt/devkitpro/libctru/lib/libctru.a(fs.o)
                0x0010d868                FSUSER_DeleteDirectory
 .text.FSUSER_CreateFile
                0x0010d920       0xd0 /opt/devkitpro/libctru/lib/libctru.a(fs.o)
                0x0010d920                FSUSER_CreateFile
 .text.FSUSER_CreateDirectory
                0x0010d9f0       0xc0 /opt/devkitpro/libctru/lib/libctru.a(fs.o)
                0x0010d9f0                FSUSER_CreateDirectory
 .text.FSUSER_RenameDirectory
                0x0010dab0       0xf4 /opt/devkitpro/libctru/lib/libctru.a(fs.o)
                0x0010dab0                FSUSER_RenameDirectory
 .text.FSUSER_OpenDirectory
                0x0010dba4       0xb4 /opt/devkitpro/libctru/lib/libctru.a(fs.o)
                0x0010dba4                FSUSER_OpenDirectory
 .text.FSUSER_OpenArchive
                0x0010dc58       0x90 /opt/devkitpro/libctru/lib/libctru.a(fs.o)
                0x0010dc58                FSUSER_OpenArchive
 .text.FSUSER_CloseArchive
                0x0010dce8       0x8c /opt/devkitpro/libctru/lib/libctru.a(fs.o)
                0x0010dce8                FSUSER_CloseArchive
 .text.FSUSER_GetSdmcArchiveResource
                0x0010dd74       0x74 /opt/devkitpro/libctru/lib/libctru.a(fs.o)
                0x0010dd74                FSUSER_GetSdmcArchiveResource
 .text.FSUSER_IsSdmcWritable
                0x0010dde8       0x64 /opt/devkitpro/libctru/lib/libctru.a(fs.o)
                0x0010dde8                FSUSER_IsSdmcWritable
 .text.FSFILE_Read
                0x0010de4c       0x64 /opt/devkitpro/libctru/lib/libctru.a(fs.o)
                0x0010de4c                FSFILE_Read
 .text.FSFILE_Write
                0x0010deb0       0x6c /opt/devkitpro/libctru/lib/libctru.a(fs.o)
                0x0010deb0                FSFILE_Write
 .text.FSFILE_GetSize
                0x0010df1c       0x44 /opt/devkitpro/libctru/lib/libctru.a(fs.o)
                0x0010df1c                FSFILE_GetSize
 .text.FSFILE_SetSize
                0x0010df60       0x28 /opt/devkitpro/libctru/lib/libctru.a(fs.o)
                0x0010df60                FSFILE_SetSize
 .text.FSFILE_Close
                0x0010df88       0x3c /opt/devkitpro/libctru/lib/libctru.a(fs.o)
                0x0010df88                FSFILE_Close
 .text.FSFILE_Flush
                0x0010dfc4       0x24 /opt/devkitpro/libctru/lib/libctru.a(fs.o)
                0x0010dfc4                FSFILE_Flush
 .text.FSDIR_Read
                0x0010dfe8       0x60 /opt/devkitpro/libctru/lib/libctru.a(fs.o)
                0x0010dfe8                FSDIR_Read
 .text.FSDIR_Close
                0x0010e048       0x3c /opt/devkitpro/libctru/lib/libctru.a(fs.o)
                0x0010e048                FSDIR_Close
 .text.decode_utf8
                0x0010e084      0x140 /opt/devkitpro/libctru/lib/libctru.a(decode_utf8.o)
                0x0010e084                decode_utf8
 .text.utf16_to_utf8
                0x0010e1c4       0xe8 /opt/devkitpro/libctru/lib/libctru.a(utf16_to_utf8.o)
                0x0010e1c4                utf16_to_utf8
 .text.utf8_to_utf16
                0x0010e2ac       0xc0 /opt/devkitpro/libctru/lib/libctru.a(utf8_to_utf16.o)
                0x0010e2ac                utf8_to_utf16
 .text.__aeabi_read_tp
                0x0010e36c        0xc /opt/devkitpro/libctru/lib/libctru.a(readtp.o)
                0x0010e36c                __aeabi_read_tp
 .text.decode_utf16
                0x0010e378       0x54 /opt/devkitpro/libctru/lib/libctru.a(decode_utf16.o)
                0x0010e378                decode_utf16
 .text.encode_utf16
                0x0010e3cc       0x54 /opt/devkitpro/libctru/lib/libctru.a(encode_utf16.o)
                0x0010e3cc                encode_utf16
 .text.encode_utf8
                0x0010e420       0xe0 /opt/devkitpro/libctru/lib/libctru.a(encode_utf8.o)
                0x0010e420                encode_utf8
 .text._ZdlPvj  0x0010e500        0x4 /opt/devkitpro/devkitARM/lib/gcc/arm-none-eabi/15.2.0/../../../../arm-none-eabi/lib/armv6k/fpu/libstdc++.a(del_ops.o)
                0x0010e500                _ZdlPvj
 .text._Znwj    0x0010e504       0x5c /opt/devkitpro/devkitARM/lib/gcc/arm-none-eabi/15.2.0/../../../../arm-none-eabi/lib/armv6k/fpu/libstdc++.a(new_op.o)
                0x0010e504                _Znwj
 .text.unlikely._ZSt19__throw_logic_errorPKc
                0x0010e560       0x40 /opt/devkitpro/devkitARM/lib/gcc/arm-none-eabi/15.2.0/../../../../arm-none-eabi/lib/armv6k/fpu/libstdc++.a(functexcept.o)
                0x0010e560                _ZSt19__throw_logic_errorPKc
 .text.unlikely._ZSt20__throw_length_errorPKc
                0x0010e5a0       0x40 /opt/devkitpro/devkitARM/lib/gcc/arm-none-eabi/15.2.0/../../../../arm-none-eabi/lib/armv6k/fpu/libstdc++.a(functexcept.o)
                0x0010e5a0                _ZSt20__throw_length_errorPKc
 .text.unlikely._ZSt20__throw_out_of_rangePKc
                0x0010e5e0       0x40 /opt/devkitpro/devkitARM/lib/gcc/arm-none-eabi/15.2.0/../../../../arm-none-eabi/lib/armv6k/fpu/libstdc++.a(functexcept.o)
                0x0010e5e0                _ZSt20__throw_out_of_rangePKc
 .text.unlikely._ZSt24__throw_out_of_range_fmtPKcz
                0x0010e620       0x10 /opt/devkitpro/devkitARM/lib/gcc/arm-none-eabi/15.2.0/../../../../arm-none-eabi/lib/armv6k/fpu/libstdc++.a(functexcept.o)
                0x0010e620                _ZSt24__throw_out_of_range_fmtPKcz
 .text._ZNKSt9bad_alloc4whatEv
                0x0010e630        0xc /opt/devkitpro/devkitARM/lib/gcc/arm-none-eabi/15.2.0/../../../../arm-none-eabi/lib/armv6k/fpu/libstdc++.a(bad_alloc.o)
                0x0010e630                _ZNKSt9bad_alloc4whatEv
 .text._ZNSt9bad_allocD2Ev
                0x0010e63c       0x20 /opt/devkitpro/devkitARM/lib/gcc/arm-none-eabi/15.2.0/../../../../arm-none-eabi/lib/armv6k/fpu/libstdc++.a(bad_alloc.o)
                0x0010e63c                _ZNSt9bad_allocD2Ev
                0x0010e63c                _ZNSt9bad_allocD1Ev
 .text._ZNSt9bad_allocD0Ev
                0x0010e65c       0x2c /opt/devkitpro/devkitARM/lib/gcc/arm-none-eabi/15.2.0/../../../../arm-none-eabi/lib/armv6k/fpu/libstdc++.a(bad_alloc.o)
                0x0010e65c                _ZNSt9bad_allocD0Ev
 .text._ZdlPv   0x0010e688        0x4 /opt/devkitpro/devkitARM/lib/gcc/arm-none-eabi/15.2.0/../../../../arm-none-eabi/lib/armv6k/fpu/libstdc++.a(del_op.o)
                0x0010e688                _ZdlPv
 .text._ZNK9__gnu_cxx24__concurrence_lock_error4whatEv
                0x0010e68c        0xc /opt/devkitpro/devkitARM/lib/gcc/arm-none-eabi/15.2.0/../../../../arm-none-eabi/lib/armv6k/fpu/libstdc++.a(eh_alloc.o)
                0x0010e68c                _ZNK9__gnu_cxx24__concurrence_lock_error4whatEv
 .text._ZNK9__gnu_cxx26__concurrence_unlock_error4whatEv
                0x0010e698        0xc /opt/devkitpro/devkitARM/lib/gcc/arm-none-eabi/15.2.0/../../../../arm-none-eabi/lib/armv6k/fpu/libstdc++.a(eh_alloc.o)
                0x0010e698                _ZNK9__gnu_cxx26__concurrence_unlock_error4whatEv
 .text._ZN9__gnu_cxx24__concurrence_lock_errorD2Ev
                0x0010e6a4       0x20 /opt/devkitpro/devkitARM/lib/gcc/arm-none-eabi/15.2.0/../../../../arm-none-eabi/lib/armv6k/fpu/libstdc++.a(eh_alloc.o)
                0x0010e6a4                _ZN9__gnu_cxx24__concurrence_lock_errorD2Ev
                0x0010e6a4                _ZN9__gnu_cxx24__concurrence_lock_errorD1Ev
 .text._ZN9__gnu_cxx24__concurrence_lock_errorD0Ev
                0x0010e6c4       0x2c /opt/devkitpro/devkitARM/lib/gcc/arm-none-eabi/15.2.0/../../../../arm-none-eabi/lib/armv6k/fpu/libstdc++.a(eh_alloc.o)
                0x0010e6c4                _ZN9__gnu_cxx24__concurrence_lock_errorD0Ev
 .text._ZN9__gnu_cxx26__concurrence_unlock_errorD2Ev
                0x0010e6f0       0x20 /opt/devkitpro/devkitARM/lib/gcc/arm-none-eabi/15.2.0/../../../../arm-none-eabi/lib/armv6k/fpu/libstdc++.a(eh_alloc.o)
                0x0010e6f0                _ZN9__gnu_cxx26__concurrence_unlock_errorD1Ev
                0x0010e6f0                _ZN9__gnu_cxx26__concurrence_unlock_errorD2Ev
 .text._ZN9__gnu_cxx26__concurrence_unlock_errorD0Ev
                0x0010e710       0x2c /opt/devkitpro/devkitARM/lib/gcc/arm-none-eabi/15.2.0/../../../../arm-none-eabi/lib/armv6k/fpu/libstdc++.a(eh_alloc.o)
                0x0010e710                _ZN9__gnu_cxx26__concurrence_unlock_errorD0Ev
 .text.unlikely._ZN9__gnu_cxx30__throw_concurrence_lock_errorEv
                0x0010e73c       0x2c /opt/devkitpro/devkitARM/lib/gcc/arm-none-eabi/15.2.0/../../../../arm-none-eabi/lib/armv6k/fpu/libstdc++.a(eh_alloc.o)
                0x0010e73c                _ZN9__gnu_cxx30__throw_concurrence_lock_errorEv
 .text.unlikely._ZN9__gnu_cxx32__throw_concurrence_unlock_errorEv
                0x0010e768       0x2c /opt/devkitpro/devkitARM/lib/gcc/arm-none-eabi/15.2.0/../../../../arm-none-eabi/lib/armv6k/fpu/libstdc++.a(eh_alloc.o)
                0x0010e768                _ZN9__gnu_cxx32__throw_concurrence_unlock_errorEv
 .text._ZN12_GLOBAL__N_14pool4freeEPv.constprop.0
                0x0010e794      0x100 /opt/devkitpro/devkitARM/lib/gcc/arm-none-eabi/15.2.0/../../../../arm-none-eabi/lib/armv6k/fpu/libstdc++.a(eh_alloc.o)
 .text._ZN12_GLOBAL__N_14pool8allocateEj.constprop.0
                0x0010e894       0xc0 /opt/devkitpro/devkitARM/lib/gcc/arm-none-eabi/15.2.0/../../../../arm-none-eabi/lib/armv6k/fpu/libstdc++.a(eh_alloc.o)
 .text.__cxa_allocate_exception
                0x0010e954       0x44 /opt/devkitpro/devkitARM/lib/gcc/arm-none-eabi/15.2.0/../../../../arm-none-eabi/lib/armv6k/fpu/libstdc++.a(eh_alloc.o)
                0x0010e954                __cxa_allocate_exception
 .text.__cxa_free_exception
                0x0010e998       0x28 /opt/devkitpro/devkitARM/lib/gcc/arm-none-eabi/15.2.0/../../../../arm-none-eabi/lib/armv6k/fpu/libstdc++.a(eh_alloc.o)
                0x0010e998                __cxa_free_exception
 .text.startup._GLOBAL__sub_I__ZN9__gnu_cxx9__freeresEv
                0x0010e9c0      0x1a4 /opt/devkitpro/devkitARM/lib/gcc/arm-none-eabi/15.2.0/../../../../arm-none-eabi/lib/armv6k/fpu/libstdc++.a(eh_alloc.o)
 .text.exit._GLOBAL__sub_D__ZN9__gnu_cxx9__freeresEv
                0x0010eb64       0x18 /opt/devkitpro/devkitARM/lib/gcc/arm-none-eabi/15.2.0/../../../../arm-none-eabi/lib/armv6k/fpu/libstdc++.a(eh_alloc.o)
 .text.__cxa_end_cleanup
                0x0010eb7c       0x10 /opt/devkitpro/devkitARM/lib/gcc/arm-none-eabi/15.2.0/../../../../arm-none-eabi/lib/armv6k/fpu/libstdc++.a(eh_arm.o)
                0x0010eb7c                __cxa_end_cleanup
 .text.__cxa_type_match
                0x0010eb8c      0x138 /opt/devkitpro/devkitARM/lib/gcc/arm-none-eabi/15.2.0/../../../../arm-none-eabi/lib/armv6k/fpu/libstdc++.a(eh_arm.o)
                0x0010eb8c                __cxa_type_match
 .text.__cxa_begin_cleanup
                0x0010ecc4       0xb4 /opt/devkitpro/devkitARM/lib/gcc/arm-none-eabi/15.2.0/../../../../arm-none-eabi/lib/armv6k/fpu/libstdc++.a(eh_arm.o)
                0x0010ecc4                __cxa_begin_cleanup
 .text.__gnu_end_cleanup
                0x0010ed78       0xb4 /opt/devkitpro/devkitARM/lib/gcc/arm-none-eabi/15.2.0/../../../../arm-none-eabi/lib/armv6k/fpu/libstdc++.a(eh_arm.o)
                0x0010ed78                __gnu_end_cleanup
 .text._ZNSt9exceptionD2Ev
                0x0010ee2c        0x4 /opt/devkitpro/devkitARM/lib/gcc/arm-none-eabi/15.2.0/../../../../arm-none-eabi/lib/armv6k/fpu/libstdc++.a(eh_exception.o)
                0x0010ee2c                _ZNSt9exceptionD2Ev
                0x0010ee2c                _ZNSt9exceptionD1Ev
 .text._ZNSt13bad_exceptionD2Ev
                0x0010ee30        0x4 /opt/devkitpro/devkitARM/lib/gcc/arm-none-eabi/15.2.0/../../../../arm-none-eabi/lib/armv6k/fpu/libstdc++.a(eh_exception.o)
                0x0010ee30                _ZNSt13bad_exceptionD2Ev
                0x0010ee30                _ZNSt13bad_exceptionD1Ev
 .text._ZNKSt13bad_exception4whatEv
                0x0010ee34        0xc /opt/devkitpro/devkitARM/lib/gcc/arm-none-eabi/15.2.0/../../../../arm-none-eabi/lib/armv6k/fpu/libstdc++.a(eh_exception.o)
                0x0010ee34                _ZGTtNKSt13bad_exception4whatEv
                0x0010ee34                _ZNKSt13bad_exception4whatEv
 .text._ZNSt13bad_exceptionD0Ev
                0x0010ee40       0x20 /opt/devkitpro/devkitARM/lib/gcc/arm-none-eabi/15.2.0/../../../../arm-none-eabi/lib/armv6k/fpu/libstdc++.a(eh_exception.o)
                0x0010ee40                _ZNSt13bad_exceptionD0Ev
 .text._ZL15eh_globals_dtorPv
                0x0010ee60       0x38 /opt/devkitpro/devkitARM/lib/gcc/arm-none-eabi/15.2.0/../../../../arm-none-eabi/lib/armv6k/fpu/libstdc++.a(eh_globals.o)
 .text.__cxa_get_globals_fast
                0x0010ee98       0x38 /opt/devkitpro/devkitARM/lib/gcc/arm-none-eabi/15.2.0/../../../../arm-none-eabi/lib/armv6k/fpu/libstdc++.a(eh_globals.o)
                0x0010ee98                __cxa_get_globals_fast
 .text.__cxa_get_globals
                0x0010eed0       0x90 /opt/devkitpro/devkitARM/lib/gcc/arm-none-eabi/15.2.0/../../../../arm-none-eabi/lib/armv6k/fpu/libstdc++.a(eh_globals.o)
                0x0010eed0                __cxa_get_globals
 .text.startup._GLOBAL__sub_I__ZN17__eh_globals_init7_S_initE
                0x0010ef60       0x30 /opt/devkitpro/devkitARM/lib/gcc/arm-none-eabi/15.2.0/../../../../arm-none-eabi/lib/armv6k/fpu/libstdc++.a(eh_globals.o)
 .text.exit._GLOBAL__sub_D__ZN17__eh_globals_init7_S_initE
                0x0010ef90       0x34 /opt/devkitpro/devkitARM/lib/gcc/arm-none-eabi/15.2.0/../../../../arm-none-eabi/lib/armv6k/fpu/libstdc++.a(eh_globals.o)
 .text._ZL28read_encoded_value_with_basehjPKhPj
                0x0010efc4      0x150 /opt/devkitpro/devkitARM/lib/gcc/arm-none-eabi/15.2.0/../../../../arm-none-eabi/lib/armv6k/fpu/libstdc++.a(eh_personality.o)
 .text._ZL21base_of_encoded_valuehP15_Unwind_Context
                0x0010f114       0x5c /opt/devkitpro/devkitARM/lib/gcc/arm-none-eabi/15.2.0/../../../../arm-none-eabi/lib/armv6k/fpu/libstdc++.a(eh_personality.o)
 .text._ZL17parse_lsda_headerP15_Unwind_ContextPKhP16lsda_header_info
                0x0010f170       0xf0 /opt/devkitpro/devkitARM/lib/gcc/arm-none-eabi/15.2.0/../../../../arm-none-eabi/lib/armv6k/fpu/libstdc++.a(eh_personality.o)
 .text.__gxx_personality_v0
                0x0010f260      0x6c8 /opt/devkitpro/devkitARM/lib/gcc/arm-none-eabi/15.2.0/../../../../arm-none-eabi/lib/armv6k/fpu/libstdc++.a(eh_personality.o)
                0x0010f260                __gxx_personality_v0
 .text._ZN10__cxxabiv111__terminateEPFvvE
                0x0010f928       0x14 /opt/devkitpro/devkitARM/lib/gcc/arm-none-eabi/15.2.0/../../../../arm-none-eabi/lib/armv6k/fpu/libstdc++.a(eh_terminate.o)
                0x0010f928                _ZN10__cxxabiv111__terminateEPFvvE
 .text.unlikely._ZSt9terminatev
                0x0010f93c       0x18 /opt/devkitpro/devkitARM/lib/gcc/arm-none-eabi/15.2.0/../../../../arm-none-eabi/lib/armv6k/fpu/libstdc++.a(eh_terminate.o)
                0x0010f93c                _ZSt9terminatev
 .text._ZN10__cxxabiv112__unexpectedEPFvvE
                0x0010f954        0xc /opt/devkitpro/devkitARM/lib/gcc/arm-none-eabi/15.2.0/../../../../arm-none-eabi/lib/armv6k/fpu/libstdc++.a(eh_terminate.o)
                0x0010f954                _ZN10__cxxabiv112__unexpectedEPFvvE
 .text.unlikely._ZSt10unexpectedv
                0x0010f960       0x18 /opt/devkitpro/devkitARM/lib/gcc/arm-none-eabi/15.2.0/../../../../arm-none-eabi/lib/armv6k/fpu/libstdc++.a(eh_terminate.o)
                0x0010f960                _ZSt10unexpectedv
 .text._ZSt13get_terminatev
                0x0010f978       0x14 /opt/devkitpro/devkitARM/lib/gcc/arm-none-eabi/15.2.0/../../../../arm-none-eabi/lib/armv6k/fpu/libstdc++.a(eh_terminate.o)
                0x0010f978                _ZSt13get_terminatev
 .text._ZSt14get_unexpectedv
                0x0010f98c       0x14 /opt/devkitpro/devkitARM/lib/gcc/arm-none-eabi/15.2.0/../../../../arm-none-eabi/lib/armv6k/fpu/libstdc++.a(eh_terminate.o)
                0x0010f98c                _ZSt14get_unexpectedv
 .text._ZL23__gxx_exception_cleanup19_Unwind_Reason_CodeP21_Unwind_Control_Block
                0x0010f9a0       0x70 /opt/devkitpro/devkitARM/lib/gcc/arm-none-eabi/15.2.0/../../../../arm-none-eabi/lib/armv6k/fpu/libstdc++.a(eh_throw.o)
 .text.__cxa_init_primary_exception
                0x0010fa10       0x54 /opt/devkitpro/devkitARM/lib/gcc/arm-none-eabi/15.2.0/../../../../arm-none-eabi/lib/armv6k/fpu/libstdc++.a(eh_throw.o)
                0x0010fa10                __cxa_init_primary_exception
 .text.__cxa_throw
                0x0010fa64       0x54 /opt/devkitpro/devkitARM/lib/gcc/arm-none-eabi/15.2.0/../../../../arm-none-eabi/lib/armv6k/fpu/libstdc++.a(eh_throw.o)
                0x0010fa64                __cxa_throw
 .text.__cxa_rethrow
                0x0010fab8       0xb0 /opt/devkitpro/devkitARM/lib/gcc/arm-none-eabi/15.2.0/../../../../arm-none-eabi/lib/armv6k/fpu/libstdc++.a(eh_throw.o)
                0x0010fab8                __cxa_rethrow
 .text._ZSt15get_new_handlerv
                0x0010fb68       0x14 /opt/devkitpro/devkitARM/lib/gcc/arm-none-eabi/15.2.0/../../../../arm-none-eabi/lib/armv6k/fpu/libstdc++.a(new_handler.o)
                0x0010fb68                _ZSt15get_new_handlerv
 .text._ZN10__cxxabiv120__si_class_type_infoD2Ev
                0x0010fb7c       0x20 /opt/devkitpro/devkitARM/lib/gcc/arm-none-eabi/15.2.0/../../../../arm-none-eabi/lib/armv6k/fpu/libstdc++.a(si_class_type_info.o)
                0x0010fb7c                _ZN10__cxxabiv120__si_class_type_infoD2Ev
                0x0010fb7c                _ZN10__cxxabiv120__si_class_type_infoD1Ev
 .text._ZN10__cxxabiv120__si_class_type_infoD0Ev
                0x0010fb9c       0x2c /opt/devkitpro/devkitARM/lib/gcc/arm-none-eabi/15.2.0/../../../../arm-none-eabi/lib/armv6k/fpu/libstdc++.a(si_class_type_info.o)
                0x0010fb9c                _ZN10__cxxabiv120__si_class_type_infoD0Ev
 .text._ZNK10__cxxabiv120__si_class_type_info20__do_find_public_srcEiPKvPKNS_17__class_type_infoES2_
                0x0010fbc8       0x6c /opt/devkitpro/devkitARM/lib/gcc/arm-none-eabi/15.2.0/../../../../arm-none-eabi/lib/armv6k/fpu/libstdc++.a(si_class_type_info.o)
                0x0010fbc8                _ZNK10__cxxabiv120__si_class_type_info20__do_find_public_srcEiPKvPKNS_17__class_type_infoES2_
 .text._ZNK10__cxxabiv120__si_class_type_info12__do_dyncastEiNS_17__class_type_info10__sub_kindEPKS1_PKvS4_S6_RNS1_16__dyncast_resultE
                0x0010fc34       0xe4 /opt/devkitpro/devkitARM/lib/gcc/arm-none-eabi/15.2.0/../../../../arm-none-eabi/lib/armv6k/fpu/libstdc++.a(si_class_type_info.o)
                0x0010fc34                _ZNK10__cxxabiv120__si_class_type_info12__do_dyncastEiNS_17__class_type_info10__sub_kindEPKS1_PKvS4_S6_RNS1_16__dyncast_resultE
 .text._ZNK10__cxxabiv120__si_class_type_info11__do_upcastEPKNS_17__class_type_infoEPKvRNS1_15__upcast_resultE
                0x0010fd18       0x44 /opt/devkitpro/devkitARM/lib/gcc/arm-none-eabi/15.2.0/../../../../arm-none-eabi/lib/armv6k/fpu/libstdc++.a(si_class_type_info.o)
                0x0010fd18                _ZNK10__cxxabiv120__si_class_type_info11__do_upcastEPKNS_17__class_type_infoEPKvRNS1_15__upcast_resultE
 .text._ZNSt9type_infoD2Ev
                0x0010fd5c        0x4 /opt/devkitpro/devkitARM/lib/gcc/arm-none-eabi/15.2.0/../../../../arm-none-eabi/lib/armv6k/fpu/libstdc++.a(tinfo.o)
                0x0010fd5c                _ZNSt9type_infoD1Ev
                0x0010fd5c                _ZNSt9type_infoD2Ev
 .text._ZNKSt9type_info14__is_pointer_pEv
                0x0010fd60        0x8 /opt/devkitpro/devkitARM/lib/gcc/arm-none-eabi/15.2.0/../../../../arm-none-eabi/lib/armv6k/fpu/libstdc++.a(tinfo.o)
                0x0010fd60                _ZNKSt9type_info15__is_function_pEv
                0x0010fd60                _ZNKSt9type_info14__is_pointer_pEv
 .text._ZNKSt9type_infoeqERKS_
                0x0010fd68       0x4c /opt/devkitpro/devkitARM/lib/gcc/arm-none-eabi/15.2.0/../../../../arm-none-eabi/lib/armv6k/fpu/libstdc++.a(tinfo.o)
                0x0010fd68                _ZNKSt9type_info7__equalERKS_
                0x0010fd68                _ZNKSt9type_infoeqERKS_
 .text._ZNKSt11logic_error4whatEv
                0x0010fdb4        0x8 /opt/devkitpro/devkitARM/lib/gcc/arm-none-eabi/15.2.0/../../../../arm-none-eabi/lib/armv6k/fpu/libstdc++.a(stdexcept.o)
                0x0010fdb4                _ZNKSt13runtime_error4whatEv
                0x0010fdb4                _ZNKSt11logic_error4whatEv
 .text._ZNSt11logic_errorD2Ev
                0x0010fdbc       0x78 /opt/devkitpro/devkitARM/lib/gcc/arm-none-eabi/15.2.0/../../../../arm-none-eabi/lib/armv6k/fpu/libstdc++.a(stdexcept.o)
                0x0010fdbc                _ZNSt11logic_errorD2Ev
                0x0010fdbc                _ZNSt11logic_errorD1Ev
 .text._ZNSt12length_errorD2Ev
                0x0010fe34       0x78 /opt/devkitpro/devkitARM/lib/gcc/arm-none-eabi/15.2.0/../../../../arm-none-eabi/lib/armv6k/fpu/libstdc++.a(stdexcept.o)
                0x0010fe34                _ZNSt12length_errorD2Ev
                0x0010fe34                _ZNSt12length_errorD1Ev
 .text._ZNSt12out_of_rangeD2Ev
                0x0010feac       0x78 /opt/devkitpro/devkitARM/lib/gcc/arm-none-eabi/15.2.0/../../../../arm-none-eabi/lib/armv6k/fpu/libstdc++.a(stdexcept.o)
                0x0010feac                _ZNSt12out_of_rangeD2Ev
                0x0010feac                _ZNSt12out_of_rangeD1Ev
 .text._ZNSt11logic_errorD0Ev
                0x0010ff24       0x80 /opt/devkitpro/devkitARM/lib/gcc/arm-none-eabi/15.2.0/../../../../arm-none-eabi/lib/armv6k/fpu/libstdc++.a(stdexcept.o)
                0x0010ff24                _ZNSt11logic_errorD0Ev
 .text._ZNSt12length_errorD0Ev
                0x0010ffa4       0x80 /opt/devkitpro/devkitARM/lib/gcc/arm-none-eabi/15.2.0/../../../../arm-none-eabi/lib/armv6k/fpu/libstdc++.a(stdexcept.o)
                0x0010ffa4                _ZNSt12length_errorD0Ev
 .text._ZNSt12out_of_rangeD0Ev
                0x00110024       0x80 /opt/devkitpro/devkitARM/lib/gcc/arm-none-eabi/15.2.0/../../../../arm-none-eabi/lib/armv6k/fpu/libstdc++.a(stdexcept.o)
                0x00110024                _ZNSt12out_of_rangeD0Ev
 .text._ZNSt11logic_errorC2EPKc
                0x001100a4       0xd8 /opt/devkitpro/devkitARM/lib/gcc/arm-none-eabi/15.2.0/../../../../arm-none-eabi/lib/armv6k/fpu/libstdc++.a(cow-stdexcept.o)
                0x001100a4                _ZNSt11logic_errorC2EPKc
                0x001100a4                _ZNSt11logic_errorC1EPKc
 .text._ZNSt12length_errorC2EPKc
                0x0011017c       0x20 /opt/devkitpro/devkitARM/lib/gcc/arm-none-eabi/15.2.0/../../../../arm-none-eabi/lib/armv6k/fpu/libstdc++.a(cow-stdexcept.o)
                0x0011017c                _ZNSt12length_errorC2EPKc
                0x0011017c                _ZNSt12length_errorC1EPKc
 .text._ZNSt12out_of_rangeC2EPKc
                0x0011019c       0x20 /opt/devkitpro/devkitARM/lib/gcc/arm-none-eabi/15.2.0/../../../../arm-none-eabi/lib/armv6k/fpu/libstdc++.a(cow-stdexcept.o)
                0x0011019c                _ZNSt12out_of_rangeC2EPKc
                0x0011019c                _ZNSt12out_of_rangeC1EPKc
 .text._ZNSs4_Rep9_S_createEjjRKSaIcE
                0x001101bc       0x88 /opt/devkitpro/devkitARM/lib/gcc/arm-none-eabi/15.2.0/../../../../arm-none-eabi/lib/armv6k/fpu/libstdc++.a(cow-string-inst.o)
                0x001101bc                _ZNSs4_Rep9_S_createEjjRKSaIcE
 .text._ZNSs4_Rep10_M_destroyERKSaIcE
                0x00110244        0x4 /opt/devkitpro/devkitARM/lib/gcc/arm-none-eabi/15.2.0/../../../../arm-none-eabi/lib/armv6k/fpu/libstdc++.a(cow-string-inst.o)
                0x00110244                _ZNSs4_Rep10_M_destroyERKSaIcE
 .text._ZNK10__cxxabiv117__class_type_info11__do_upcastEPKS0_PPv
                0x00110248       0x5c /opt/devkitpro/devkitARM/lib/gcc/arm-none-eabi/15.2.0/../../../../arm-none-eabi/lib/armv6k/fpu/libstdc++.a(class_type_info.o)
                0x00110248                _ZNK10__cxxabiv117__class_type_info11__do_upcastEPKS0_PPv
 .text._ZNK10__cxxabiv117__class_type_info20__do_find_public_srcEiPKvPKS0_S2_
                0x001102a4       0x14 /opt/devkitpro/devkitARM/lib/gcc/arm-none-eabi/15.2.0/../../../../arm-none-eabi/lib/armv6k/fpu/libstdc++.a(class_type_info.o)
                0x001102a4                _ZNK10__cxxabiv117__class_type_info20__do_find_public_srcEiPKvPKS0_S2_
 .text._ZN10__cxxabiv117__class_type_infoD2Ev
                0x001102b8       0x20 /opt/devkitpro/devkitARM/lib/gcc/arm-none-eabi/15.2.0/../../../../arm-none-eabi/lib/armv6k/fpu/libstdc++.a(class_type_info.o)
                0x001102b8                _ZN10__cxxabiv117__class_type_infoD1Ev
                0x001102b8                _ZN10__cxxabiv117__class_type_infoD2Ev
 .text._ZN10__cxxabiv117__class_type_infoD0Ev
                0x001102d8       0x2c /opt/devkitpro/devkitARM/lib/gcc/arm-none-eabi/15.2.0/../../../../arm-none-eabi/lib/armv6k/fpu/libstdc++.a(class_type_info.o)
                0x001102d8                _ZN10__cxxabiv117__class_type_infoD0Ev
 .text._ZNK10__cxxabiv117__class_type_info12__do_dyncastEiNS0_10__sub_kindEPKS0_PKvS3_S5_RNS0_16__dyncast_resultE
                0x00110304       0x84 /opt/devkitpro/devkitARM/lib/gcc/arm-none-eabi/15.2.0/../../../../arm-none-eabi/lib/armv6k/fpu/libstdc++.a(class_type_info.o)
                0x00110304                _ZNK10__cxxabiv117__class_type_info12__do_dyncastEiNS0_10__sub_kindEPKS0_PKvS3_S5_RNS0_16__dyncast_resultE
 .text._ZNK10__cxxabiv117__class_type_info11__do_upcastEPKS0_PKvRNS0_15__upcast_resultE
                0x00110388       0x38 /opt/devkitpro/devkitARM/lib/gcc/arm-none-eabi/15.2.0/../../../../arm-none-eabi/lib/armv6k/fpu/libstdc++.a(class_type_info.o)
                0x00110388                _ZNK10__cxxabiv117__class_type_info11__do_upcastEPKS0_PKvRNS0_15__upcast_resultE
 .text._ZNK10__cxxabiv117__class_type_info10__do_catchEPKSt9type_infoPPvj
                0x001103c0       0x44 /opt/devkitpro/devkitARM/lib/gcc/arm-none-eabi/15.2.0/../../../../arm-none-eabi/lib/armv6k/fpu/libstdc++.a(class_type_info.o)
                0x001103c0                _ZNK10__cxxabiv117__class_type_info10__do_catchEPKSt9type_infoPPvj
 .text.unlikely._ZN10__cxxabiv1L24__is_gxx_exception_classEPc
                0x00110404       0x70 /opt/devkitpro/devkitARM/lib/gcc/arm-none-eabi/15.2.0/../../../../arm-none-eabi/lib/armv6k/fpu/libstdc++.a(eh_call.o)
 .text.unlikely.__cxa_call_terminate
                0x00110474       0x2c /opt/devkitpro/devkitARM/lib/gcc/arm-none-eabi/15.2.0/../../../../arm-none-eabi/lib/armv6k/fpu/libstdc++.a(eh_call.o)
                0x00110474                __cxa_call_terminate
 .text.unlikely.__cxa_call_unexpected
                0x001104a0      0x148 /opt/devkitpro/devkitARM/lib/gcc/arm-none-eabi/15.2.0/../../../../arm-none-eabi/lib/armv6k/fpu/libstdc++.a(eh_call.o)
                0x001104a0                __cxa_call_unexpected
 .text.__cxa_begin_catch
                0x001105e8       0xe0 /opt/devkitpro/devkitARM/lib/gcc/arm-none-eabi/15.2.0/../../../../arm-none-eabi/lib/armv6k/fpu/libstdc++.a(eh_catch.o)
                0x001105e8                __cxa_begin_catch
 .text.__cxa_end_catch
                0x001106c8       0xe0 /opt/devkitpro/devkitARM/lib/gcc/arm-none-eabi/15.2.0/../../../../arm-none-eabi/lib/armv6k/fpu/libstdc++.a(eh_catch.o)
                0x001106c8                __cxa_end_catch
 .text.sinf     0x001107a8      0x264 /opt/devkitpro/devkitARM/lib/gcc/arm-none-eabi/15.2.0/../../../../arm-none-eabi/lib/armv6k/fpu/libm.a(libm_a-sinf.o)
                0x001107a8                sinf
 *fill*         0x00110a0c        0x4 
 .text.powf     0x00110a10      0x3f4 /opt/devkitpro/devkitARM/lib/gcc/arm-none-eabi/15.2.0/../../../../arm-none-eabi/lib/armv6k/fpu/libm.a(libm_a-sf_pow.o)
                0x00110a10                powf
 .text.tanf     0x00110e04       0x70 /opt/devkitpro/devkitARM/lib/gcc/arm-none-eabi/15.2.0/../../../../arm-none-eabi/lib/armv6k/fpu/libm.a(libm_a-sf_tan.o)
                0x00110e04                tanf
 .text.with_errnof
                0x00110e74       0x24 /opt/devkitpro/devkitARM/lib/gcc/arm-none-eabi/15.2.0/../../../../arm-none-eabi/lib/armv6k/fpu/libm.a(libm_a-math_errf.o)
 .text.xflowf   0x00110e98       0x18 /opt/devkitpro/devkitARM/lib/gcc/arm-none-eabi/15.2.0/../../../../arm-none-eabi/lib/armv6k/fpu/libm.a(libm_a-math_errf.o)
 .text.__math_uflowf
                0x00110eb0        0xc /opt/devkitpro/devkitARM/lib/gcc/arm-none-eabi/15.2.0/../../../../arm-none-eabi/lib/armv6k/fpu/libm.a(libm_a-math_errf.o)
                0x00110eb0                __math_uflowf
 .text.__math_may_uflowf
                0x00110ebc        0xc /opt/devkitpro/devkitARM/lib/gcc/arm-none-eabi/15.2.0/../../../../arm-none-eabi/lib/armv6k/fpu/libm.a(libm_a-math_errf.o)
                0x00110ebc                __math_may_uflowf
 .text.__math_oflowf
                0x00110ec8        0xc /opt/devkitpro/devkitARM/lib/gcc/arm-none-eabi/15.2.0/../../../../arm-none-eabi/lib/armv6k/fpu/libm.a(libm_a-math_errf.o)
                0x00110ec8                __math_oflowf
 .text.__math_divzerof
                0x00110ed4       0x2c /opt/devkitpro/devkitARM/lib/gcc/arm-none-eabi/15.2.0/../../../../arm-none-eabi/lib/armv6k/fpu/libm.a(libm_a-math_errf.o)
                0x00110ed4                __math_divzerof
 .text.__math_invalidf
                0x00110f00       0x1c /opt/devkitpro/devkitARM/lib/gcc/arm-none-eabi/15.2.0/../../../../arm-none-eabi/lib/armv6k/fpu/libm.a(libm_a-math_errf.o)
                0x00110f00                __math_invalidf
 *fill*         0x00110f1c        0x4 
 .text.cosf     0x00110f20      0x25c /opt/devkitpro/devkitARM/lib/gcc/arm-none-eabi/15.2.0/../../../../arm-none-eabi/lib/armv6k/fpu/libm.a(libm_a-cosf.o)
                0x00110f20                cosf
 .text.__ieee754_rem_pio2f
                0x0011117c      0x2e0 /opt/devkitpro/devkitARM/lib/gcc/arm-none-eabi/15.2.0/../../../../arm-none-eabi/lib/armv6k/fpu/libm.a(libm_a-ef_rem_pio2.o)
                0x0011117c                __ieee754_rem_pio2f
 .text.__kernel_tanf
                0x0011145c      0x20c /opt/devkitpro/devkitARM/lib/gcc/arm-none-eabi/15.2.0/../../../../arm-none-eabi/lib/armv6k/fpu/libm.a(libm_a-kf_tan.o)
                0x0011145c                __kernel_tanf
 .text.fabsf    0x00111668       0x10 /opt/devkitpro/devkitARM/lib/gcc/arm-none-eabi/15.2.0/../../../../arm-none-eabi/lib/armv6k/fpu/libm.a(libm_a-sf_fabs.o)
                0x00111668                fabsf
 .text.__kernel_rem_pio2f
                0x00111678      0x8c0 /opt/devkitpro/devkitARM/lib/gcc/arm-none-eabi/15.2.0/../../../../arm-none-eabi/lib/armv6k/fpu/libm.a(libm_a-kf_rem_pio2.o)
                0x00111678                __kernel_rem_pio2f
 .text.scalbnf  0x00111f38      0x12c /opt/devkitpro/devkitARM/lib/gcc/arm-none-eabi/15.2.0/../../../../arm-none-eabi/lib/armv6k/fpu/libm.a(libm_a-sf_scalbn.o)
                0x00111f38                scalbnf
 .text.floorf   0x00112064       0xc0 /opt/devkitpro/devkitARM/lib/gcc/arm-none-eabi/15.2.0/../../../../arm-none-eabi/lib/armv6k/fpu/libm.a(libm_a-sf_floor.o)
                0x00112064                floorf
 .text.selfrel_offset31
                0x00112124       0x18 /opt/devkitpro/devkitARM/lib/gcc/arm-none-eabi/15.2.0/armv6k/fpu/libgcc.a(unwind-arm.o)
 .text.search_EIT_table
                0x0011213c       0x90 /opt/devkitpro/devkitARM/lib/gcc/arm-none-eabi/15.2.0/armv6k/fpu/libgcc.a(unwind-arm.o)
 .text.__gnu_unwind_get_pr_addr
                0x001121cc       0x40 /opt/devkitpro/devkitARM/lib/gcc/arm-none-eabi/15.2.0/armv6k/fpu/libgcc.a(unwind-arm.o)
 .text.get_eit_entry
                0x0011220c      0x110 /opt/devkitpro/devkitARM/lib/gcc/arm-none-eabi/15.2.0/armv6k/fpu/libgcc.a(unwind-arm.o)
 .text.restore_non_core_regs
                0x0011231c       0x88 /opt/devkitpro/devkitARM/lib/gcc/arm-none-eabi/15.2.0/armv6k/fpu/libgcc.a(unwind-arm.o)
 .text._Unwind_decode_typeinfo_ptr.constprop.0
                0x001123a4       0x14 /opt/devkitpro/devkitARM/lib/gcc/arm-none-eabi/15.2.0/armv6k/fpu/libgcc.a(unwind-arm.o)
 .text._Unwind_DebugHook
                0x001123b8        0x4 /opt/devkitpro/devkitARM/lib/gcc/arm-none-eabi/15.2.0/armv6k/fpu/libgcc.a(unwind-arm.o)
 .text.unwind_phase2
                0x001123bc       0x64 /opt/devkitpro/devkitARM/lib/gcc/arm-none-eabi/15.2.0/armv6k/fpu/libgcc.a(unwind-arm.o)
 .text.unwind_phase2_forced
                0x00112420      0x13c /opt/devkitpro/devkitARM/lib/gcc/arm-none-eabi/15.2.0/armv6k/fpu/libgcc.a(unwind-arm.o)
 .text.__gnu_Unwind_RaiseException
                0x0011255c       0xa4 /opt/devkitpro/devkitARM/lib/gcc/arm-none-eabi/15.2.0/armv6k/fpu/libgcc.a(unwind-arm.o)
                0x0011255c                __gnu_Unwind_RaiseException
 .text.__gnu_Unwind_ForcedUnwind
                0x00112600       0x20 /opt/devkitpro/devkitARM/lib/gcc/arm-none-eabi/15.2.0/armv6k/fpu/libgcc.a(unwind-arm.o)
                0x00112600                __gnu_Unwind_ForcedUnwind
 .text.__gnu_Unwind_Resume
                0x00112620       0x74 /opt/devkitpro/devkitARM/lib/gcc/arm-none-eabi/15.2.0/armv6k/fpu/libgcc.a(unwind-arm.o)
                0x00112620                __gnu_Unwind_Resume
 .text.__gnu_Unwind_Resume_or_Rethrow
                0x00112694       0x20 /opt/devkitpro/devkitARM/lib/gcc/arm-none-eabi/15.2.0/armv6k/fpu/libgcc.a(unwind-arm.o)
                0x00112694                __gnu_Unwind_Resume_or_Rethrow
 .text._Unwind_Complete
                0x001126b4        0x4 /opt/devkitpro/devkitARM/lib/gcc/arm-none-eabi/15.2.0/armv6k/fpu/libgcc.a(unwind-arm.o)
                0x001126b4                _Unwind_Complete
 .text._Unwind_DeleteException
                0x001126b8       0x18 /opt/devkitpro/devkitARM/lib/gcc/arm-none-eabi/15.2.0/armv6k/fpu/libgcc.a(unwind-arm.o)
                0x001126b8                _Unwind_DeleteException
 .text._Unwind_VRS_Get
                0x001126d0       0x64 /opt/devkitpro/devkitARM/lib/gcc/arm-none-eabi/15.2.0/armv6k/fpu/libgcc.a(unwind-arm.o)
                0x001126d0                _Unwind_VRS_Get
 .text._Unwind_GetGR
                0x00112734       0x2c /opt/devkitpro/devkitARM/lib/gcc/arm-none-eabi/15.2.0/armv6k/fpu/libgcc.a(unwind-arm.o)
 .text._Unwind_VRS_Set
                0x00112760       0x64 /opt/devkitpro/devkitARM/lib/gcc/arm-none-eabi/15.2.0/armv6k/fpu/libgcc.a(unwind-arm.o)
                0x00112760                _Unwind_VRS_Set
 .text._Unwind_SetGR
                0x001127c4       0x2c /opt/devkitpro/devkitARM/lib/gcc/arm-none-eabi/15.2.0/armv6k/fpu/libgcc.a(unwind-arm.o)
 .text.__gnu_Unwind_Backtrace
                0x001127f0       0xc0 /opt/devkitpro/devkitARM/lib/gcc/arm-none-eabi/15.2.0/armv6k/fpu/libgcc.a(unwind-arm.o)
                0x001127f0                __gnu_Unwind_Backtrace
 .text.__gnu_unwind_pr_common
                0x001128b0      0x40c /opt/devkitpro/devkitARM/lib/gcc/arm-none-eabi/15.2.0/armv6k/fpu/libgcc.a(unwind-arm.o)
 .text.__aeabi_unwind_cpp_pr0
                0x00112cbc        0x8 /opt/devkitpro/devkitARM/lib/gcc/arm-none-eabi/15.2.0/armv6k/fpu/libgcc.a(unwind-arm.o)
                0x00112cbc                __aeabi_unwind_cpp_pr0
 .text.__aeabi_unwind_cpp_pr1
                0x00112cc4        0x8 /opt/devkitpro/devkitARM/lib/gcc/arm-none-eabi/15.2.0/armv6k/fpu/libgcc.a(unwind-arm.o)
                0x00112cc4                __aeabi_unwind_cpp_pr1
 .text.__aeabi_unwind_cpp_pr2
                0x00112ccc        0x8 /opt/devkitpro/devkitARM/lib/gcc/arm-none-eabi/15.2.0/armv6k/fpu/libgcc.a(unwind-arm.o)
                0x00112ccc                __aeabi_unwind_cpp_pr2
 .text._Unwind_VRS_Pop
                0x00112cd4      0x458 /opt/devkitpro/devkitARM/lib/gcc/arm-none-eabi/15.2.0/armv6k/fpu/libgcc.a(unwind-arm.o)
                0x00112cd4                _Unwind_VRS_Pop
 .text.next_unwind_byte
                0x0011312c       0x64 /opt/devkitpro/devkitARM/lib/gcc/arm-none-eabi/15.2.0/armv6k/fpu/libgcc.a(pr-support.o)
 .text._Unwind_GetGR.constprop.0
                0x00113190       0x2c /opt/devkitpro/devkitARM/lib/gcc/arm-none-eabi/15.2.0/armv6k/fpu/libgcc.a(pr-support.o)
 .text.unwind_UCB_from_context
                0x001131bc        0x4 /opt/devkitpro/devkitARM/lib/gcc/arm-none-eabi/15.2.0/armv6k/fpu/libgcc.a(pr-support.o)
 .text.__gnu_unwind_execute
                0x001131c0      0x464 /opt/devkitpro/devkitARM/lib/gcc/arm-none-eabi/15.2.0/armv6k/fpu/libgcc.a(pr-support.o)
                0x001131c0                __gnu_unwind_execute
 .text.__gnu_unwind_frame
                0x00113624       0x48 /opt/devkitpro/devkitARM/lib/gcc/arm-none-eabi/15.2.0/armv6k/fpu/libgcc.a(pr-support.o)
                0x00113624                __gnu_unwind_frame
 .text._Unwind_GetRegionStart
                0x0011366c       0x10 /opt/devkitpro/devkitARM/lib/gcc/arm-none-eabi/15.2.0/armv6k/fpu/libgcc.a(pr-support.o)
                0x0011366c                _Unwind_GetRegionStart
 .text._Unwind_GetLanguageSpecificData
                0x0011367c       0x1c /opt/devkitpro/devkitARM/lib/gcc/arm-none-eabi/15.2.0/armv6k/fpu/libgcc.a(pr-support.o)
                0x0011367c                _Unwind_GetLanguageSpecificData
 .text.unlikely._Unwind_GetDataRelBase
                0x00113698        0x8 /opt/devkitpro/devkitARM/lib/gcc/arm-none-eabi/15.2.0/armv6k/fpu/libgcc.a(pr-support.o)
                0x00113698                _Unwind_GetDataRelBase
 .text.unlikely._Unwind_GetTextRelBase
                0x001136a0        0x8 /opt/devkitpro/devkitARM/lib/gcc/arm-none-eabi/15.2.0/armv6k/fpu/libgcc.a(pr-support.o)
                0x001136a0                _Unwind_GetTextRelBase
 .text.strncat  0x001136a8       0xe4 /opt/devkitpro/devkitARM/lib/gcc/arm-none-eabi/15.2.0/../../../../arm-none-eabi/lib/armv6k/fpu/libg.a(libc_a-strncat.o)
                0x001136a8                strncat
 .text.getenv   0x0011378c       0x24 /opt/devkitpro/devkitARM/lib/gcc/arm-none-eabi/15.2.0/../../../../arm-none-eabi/lib/armv6k/fpu/libg.a(libc_a-getenv.o)
                0x0011378c                getenv
 .text.memcpy   0x001137b0      0x128 /opt/devkitpro/devkitARM/lib/gcc/arm-none-eabi/15.2.0/../../../../arm-none-eabi/lib/armv6k/fpu/libg.a(libc_a-memcpy-stub.o)
                0x001137b0                memcpy
 .text.strlen   0x001138d8       0x8c /opt/devkitpro/devkitARM/lib/gcc/arm-none-eabi/15.2.0/../../../../arm-none-eabi/lib/armv6k/fpu/libg.a(libc_a-strlen.o)
                0x001138d8                strlen
 .text.bsearch  0x00113964       0x78 /opt/devkitpro/devkitARM/lib/gcc/arm-none-eabi/15.2.0/../../../../arm-none-eabi/lib/armv6k/fpu/libg.a(libc_a-bsearch.o)
                0x00113964                bsearch
 .text.memalign
                0x001139dc       0x28 /opt/devkitpro/devkitARM/lib/gcc/arm-none-eabi/15.2.0/../../../../arm-none-eabi/lib/armv6k/fpu/libg.a(libc_a-malign.o)
                0x001139dc                memalign
 .text._strtoul_l.isra.0
                0x00113a04      0x1ec /opt/devkitpro/devkitARM/lib/gcc/arm-none-eabi/15.2.0/../../../../arm-none-eabi/lib/armv6k/fpu/libg.a(libc_a-strtoul.o)
 .text.strtoul  0x00113bf0       0x3c /opt/devkitpro/devkitARM/lib/gcc/arm-none-eabi/15.2.0/../../../../arm-none-eabi/lib/armv6k/fpu/libg.a(libc_a-strtoul.o)
                0x00113bf0                strtoul
 .text.strchr   0x00113c2c      0x140 /opt/devkitpro/devkitARM/lib/gcc/arm-none-eabi/15.2.0/../../../../arm-none-eabi/lib/armv6k/fpu/libg.a(libc_a-strchr.o)
                0x00113c2c                strchr
 .text.memcmp   0x00113d6c       0xd8 /opt/devkitpro/devkitARM/lib/gcc/arm-none-eabi/15.2.0/../../../../arm-none-eabi/lib/armv6k/fpu/libg.a(libc_a-memcmp.o)
                0x00113d6c                memcmp
 .text.calloc   0x00113e44       0x28 /opt/devkitpro/devkitARM/lib/gcc/arm-none-eabi/15.2.0/../../../../arm-none-eabi/lib/armv6k/fpu/libg.a(libc_a-calloc.o)
                0x00113e44                calloc
 .text._memalign_r
                0x00113e6c      0x16c /opt/devkitpro/devkitARM/lib/gcc/arm-none-eabi/15.2.0/../../../../arm-none-eabi/lib/armv6k/fpu/libg.a(libc_a-malignr.o)
                0x00113e6c                _memalign_r
 .text.__errno  0x00113fd8        0xc /opt/devkitpro/devkitARM/lib/gcc/arm-none-eabi/15.2.0/../../../../arm-none-eabi/lib/armv6k/fpu/libg.a(libc_a-errno.o)
                0x00113fd8                __errno
 .text.abort    0x00113fe4       0x14 /opt/devkitpro/devkitARM/lib/gcc/arm-none-eabi/15.2.0/../../../../arm-none-eabi/lib/armv6k/fpu/libg.a(libc_a-abort.o)
                0x00113fe4                abort
 .text.memset   0x00113ff8       0xe4 /opt/devkitpro/devkitARM/lib/gcc/arm-none-eabi/15.2.0/../../../../arm-none-eabi/lib/armv6k/fpu/libg.a(libc_a-memset.o)
                0x00113ff8                memset
 .text._calloc_r
                0x001140dc       0xd8 /opt/devkitpro/devkitARM/lib/gcc/arm-none-eabi/15.2.0/../../../../arm-none-eabi/lib/armv6k/fpu/libg.a(libc_a-callocr.o)
                0x001140dc                _calloc_r
 .text._malloc_r
                0x001141b4      0x82c /opt/devkitpro/devkitARM/lib/gcc/arm-none-eabi/15.2.0/../../../../arm-none-eabi/lib/armv6k/fpu/libg.a(libc_a-mallocr.o)
                0x001141b4                _malloc_r
 .text._malloc_trim_r
                0x001149e0      0x114 /opt/devkitpro/devkitARM/lib/gcc/arm-none-eabi/15.2.0/../../../../arm-none-eabi/lib/armv6k/fpu/libg.a(libc_a-freer.o)